<html>
<body>
<pre>
<h1>µVision Build Log</h1>
<h2>Tool Versions:</h2>
IDE-Version: µVision V5.41.0.0
Copyright (C) 2024 ARM Ltd and ARM Germany GmbH. All rights reserved.
License Information: Voong Phuong, ATC, LIC=----
 
Tool Versions:
Toolchain:       MDK-Lite  Version: 5.41.0.0
Toolchain Path:  C:\Users\USER\AppData\Local\Keil_v5\ARM\ARMCLANG\Bin
C Compiler:      ArmClang.exe V6.22
Assembler:       Armasm.exe V6.22
Linker/Locator:  ArmLink.exe V6.22
Library Manager: ArmAr.exe V6.22
Hex Converter:   FromElf.exe V6.22
CPU DLL:         SARMCM3.DLL V5.41.0.0
Dialog DLL:      DARMCM1.DLL V1.19.6.0
Target DLL:      STLink\ST-LINKIII-KEIL_SWO.dll V3.3.0.0
Dialog DLL:      TARMCM1.DLL V1.14.6.0
 
<h2>Project:</h2>
D:\CubeMX\PY32F0xx_Firmware_V1.1.3\PY32F0xx\Led7seg\MDK-ARM\Project.uvprojx
Project File Date:  03/12/2025

<h2>Output:</h2>
*** Using Compiler 'V6.22', folder: 'C:\Users\USER\AppData\Local\Keil_v5\ARM\ARMCLANG\Bin'
Rebuild target 'Project'
Note: source file '..\..\Drivers\PY32F0xx_HAL_Driver\Src\py32f0xx_hal.c' - object file renamed from '.\Output\Debug\py32f0xx_hal.o' to '.\Output\Debug\py32f0xx_hal_1.o'.
Note: source file '..\..\Drivers\PY32F0xx_HAL_Driver\Src\py32f0xx_hal_cortex.c' - object file renamed from '.\Output\Debug\py32f0xx_hal_cortex.o' to '.\Output\Debug\py32f0xx_hal_cortex_1.o'.
Note: source file '..\..\Drivers\PY32F0xx_HAL_Driver\Src\py32f0xx_hal_dma.c' - object file renamed from '.\Output\Debug\py32f0xx_hal_dma.o' to '.\Output\Debug\py32f0xx_hal_dma_1.o'.
Note: source file '..\..\Drivers\PY32F0xx_HAL_Driver\Src\py32f0xx_hal_flash.c' - object file renamed from '.\Output\Debug\py32f0xx_hal_flash.o' to '.\Output\Debug\py32f0xx_hal_flash_1.o'.
Note: source file '..\..\Drivers\PY32F0xx_HAL_Driver\Src\py32f0xx_hal_gpio.c' - object file renamed from '.\Output\Debug\py32f0xx_hal_gpio.o' to '.\Output\Debug\py32f0xx_hal_gpio_1.o'.
Note: source file '..\..\Drivers\PY32F0xx_HAL_Driver\Src\py32f0xx_hal_pwr.c' - object file renamed from '.\Output\Debug\py32f0xx_hal_pwr.o' to '.\Output\Debug\py32f0xx_hal_pwr_1.o'.
Note: source file '..\..\Drivers\PY32F0xx_HAL_Driver\Src\py32f0xx_hal_rcc.c' - object file renamed from '.\Output\Debug\py32f0xx_hal_rcc.o' to '.\Output\Debug\py32f0xx_hal_rcc_1.o'.
Note: source file '..\..\Drivers\PY32F0xx_HAL_Driver\Src\py32f0xx_hal_rcc_ex.c' - object file renamed from '.\Output\Debug\py32f0xx_hal_rcc_ex.o' to '.\Output\Debug\py32f0xx_hal_rcc_ex_1.o'.
Note: source file '..\..\Drivers\PY32F0xx_HAL_Driver\Src\py32f0xx_hal_uart.c' - object file renamed from '.\Output\Debug\py32f0xx_hal_uart.o' to '.\Output\Debug\py32f0xx_hal_uart_1.o'.
assembling startup_py32f030xx.s...
compiling py32f0xx_hal_msp.c...
compiling py32f0xx_it.c...
compiling system_py32f0xx.c...
compiling py32f030xx_Start_Kit.c...
compiling py32f0xx_hal.c...
compiling main.c...
compiling py32f0xx_hal_cortex.c...
compiling py32f0xx_hal_dma.c...
compiling py32f0xx_hal_gpio.c...
compiling py32f0xx_hal_pwr.c...
compiling py32f0xx_hal_rcc_ex.c...
compiling py32f0xx_hal_rcc.c...
compiling py32f0xx_hal_flash.c...
compiling py32f0xx_hal_uart.c...
linking...
Program Size: Code=3372 RO-data=340 RW-data=216 ZI-data=1032  
FromELF: creating hex file...
".\Output\Debug\Project.axf" - 0 Error(s), 0 Warning(s).

<h2>Software Packages used:</h2>

Package Vendor: ARM
                https://www.keil.com/pack/ARM.CMSIS.6.1.0.pack
                ARM::CMSIS@6.1.0
                CMSIS (Common Microcontroller Software Interface Standard)
   * Component: CORE Version: 6.1.0

Package Vendor: Puya
                https://www.puyasemi.com/uploadfiles/Puya.PY32F0xx_DFP.1.2.2.pack
                Puya::PY32F0xx_DFP@1.2.2
                Puya PY32F0 Series Device Support

<h2>Collection of Component include folders:</h2>
  ./RTE/_Project
  C:/Users/USER/AppData/Local/Arm/Packs/ARM/CMSIS/6.1.0/CMSIS/Core/Include
  C:/Users/USER/AppData/Local/Arm/Packs/Puya/PY32F0xx_DFP/1.2.2/Drivers/CMSIS/Device/PY32F0xx/Include

<h2>Collection of Component Files used:</h2>

   * Component: ARM::CMSIS:CORE@6.1.0
Build Time Elapsed:  00:00:01
</pre>
</body>
</html>
