Component: Arm Compiler for Embedded 6.22 Tool: armlink [5ee90200]

==============================================================================

Section Cross References

    startup_py32f030xx.o(RESET) refers to startup_py32f030xx.o(STACK) for __initial_sp
    startup_py32f030xx.o(RESET) refers to startup_py32f030xx.o(.text) for Reset_Handler
    startup_py32f030xx.o(RESET) refers to py32f0xx_it.o(.text.NMI_Handler) for NMI_Handler
    startup_py32f030xx.o(RESET) refers to py32f0xx_it.o(.text.HardFault_Handler) for HardFault_Handler
    startup_py32f030xx.o(RESET) refers to py32f0xx_it.o(.text.SVC_Handler) for SVC_Handler
    startup_py32f030xx.o(RESET) refers to py32f0xx_it.o(.text.PendSV_Handler) for PendSV_Handler
    startup_py32f030xx.o(RESET) refers to py32f0xx_it.o(.text.SysTick_Handler) for SysTick_Handler
    startup_py32f030xx.o(.text) refers to system_py32f0xx.o(.text.SystemInit) for SystemInit
    startup_py32f030xx.o(.text) refers to entry.o(.ARM.Collect$$$$00000000) for __main
    system_py32f0xx.o(.text.SystemCoreClockUpdate) refers to system_py32f0xx.o(.rodata.HSIFreqTable) for HSIFreqTable
    system_py32f0xx.o(.text.SystemCoreClockUpdate) refers to system_py32f0xx.o(.data.SystemCoreClock) for SystemCoreClock
    system_py32f0xx.o(.text.SystemCoreClockUpdate) refers to system_py32f0xx.o(.rodata.AHBPrescTable) for AHBPrescTable
    system_py32f0xx.o(.ARM.exidx.text.SystemCoreClockUpdate) refers to system_py32f0xx.o(.text.SystemCoreClockUpdate) for [Anonymous Symbol]
    system_py32f0xx.o(.ARM.exidx.text.SystemInit) refers to system_py32f0xx.o(.text.SystemInit) for [Anonymous Symbol]
    system_py32f0xx.o(.text.$Sub$$main) refers to main.o(.text.main) for $Super$$main
    system_py32f0xx.o(.text.$Sub$$main) refers to system_py32f0xx.o(.ARM.__at_0x20000000) for VECT_SRAM_TAB
    system_py32f0xx.o(.ARM.exidx.text.$Sub$$main) refers to system_py32f0xx.o(.text.$Sub$$main) for [Anonymous Symbol]
    main.o(.text.Display_Number) refers to main.o(.text.Display_Digit) for Display_Digit
    main.o(.text.Display_Number) refers to py32f0xx_hal_1.o(.text.HAL_Delay) for HAL_Delay
    main.o(.ARM.exidx.text.Display_Number) refers to main.o(.text.Display_Number) for [Anonymous Symbol]
    main.o(.text.Display_Digit) refers to py32f0xx_hal_gpio_1.o(.text.HAL_GPIO_WritePin) for HAL_GPIO_WritePin
    main.o(.text.Display_Digit) refers to main.o(.data.code_seg) for code_seg
    main.o(.ARM.exidx.text.Display_Digit) refers to main.o(.text.Display_Digit) for [Anonymous Symbol]
    main.o(.text.main) refers to py32f0xx_hal_1.o(.text.HAL_Init) for HAL_Init
    main.o(.text.main) refers to py32f0xx_hal_gpio_1.o(.text.HAL_GPIO_WritePin) for HAL_GPIO_WritePin
    main.o(.text.main) refers to py32f0xx_hal_gpio_1.o(.text.HAL_GPIO_Init) for HAL_GPIO_Init
    main.o(.text.main) refers to memseta.o(.text) for __aeabi_memclr4
    main.o(.text.main) refers to py32f0xx_hal_rcc_1.o(.text.HAL_RCC_OscConfig) for HAL_RCC_OscConfig
    main.o(.text.main) refers to py32f0xx_hal_rcc_1.o(.text.HAL_RCC_ClockConfig) for HAL_RCC_ClockConfig
    main.o(.text.main) refers to main.o(.text.Display_Digit) for Display_Digit
    main.o(.text.main) refers to py32f0xx_hal_1.o(.text.HAL_Delay) for HAL_Delay
    main.o(.text.main) refers to main.o(.bss.counter) for counter
    main.o(.ARM.exidx.text.main) refers to main.o(.text.main) for [Anonymous Symbol]
    main.o(.ARM.exidx.text.APP_ErrorHandler) refers to main.o(.text.APP_ErrorHandler) for [Anonymous Symbol]
    py32f0xx_hal_msp.o(.ARM.exidx.text.HAL_MspInit) refers to py32f0xx_hal_msp.o(.text.HAL_MspInit) for [Anonymous Symbol]
    py32f0xx_it.o(.ARM.exidx.text.NMI_Handler) refers to py32f0xx_it.o(.text.NMI_Handler) for [Anonymous Symbol]
    py32f0xx_it.o(.ARM.exidx.text.HardFault_Handler) refers to py32f0xx_it.o(.text.HardFault_Handler) for [Anonymous Symbol]
    py32f0xx_it.o(.ARM.exidx.text.SVC_Handler) refers to py32f0xx_it.o(.text.SVC_Handler) for [Anonymous Symbol]
    py32f0xx_it.o(.ARM.exidx.text.PendSV_Handler) refers to py32f0xx_it.o(.text.PendSV_Handler) for [Anonymous Symbol]
    py32f0xx_it.o(.text.SysTick_Handler) refers to py32f0xx_hal_1.o(.text.HAL_IncTick) for HAL_IncTick
    py32f0xx_it.o(.ARM.exidx.text.SysTick_Handler) refers to py32f0xx_it.o(.text.SysTick_Handler) for [Anonymous Symbol]
    py32f030xx_start_kit.o(.ARM.exidx.text.BSP_GetVersion) refers to py32f030xx_start_kit.o(.text.BSP_GetVersion) for [Anonymous Symbol]
    py32f030xx_start_kit.o(.text.BSP_LED_Init) refers to py32f0xx_hal_gpio_1.o(.text.HAL_GPIO_Init) for HAL_GPIO_Init
    py32f030xx_start_kit.o(.text.BSP_LED_Init) refers to py32f0xx_hal_gpio_1.o(.text.HAL_GPIO_WritePin) for HAL_GPIO_WritePin
    py32f030xx_start_kit.o(.text.BSP_LED_Init) refers to py32f030xx_start_kit.o(.data.LED_PORT) for LED_PORT
    py32f030xx_start_kit.o(.ARM.exidx.text.BSP_LED_Init) refers to py32f030xx_start_kit.o(.text.BSP_LED_Init) for [Anonymous Symbol]
[...]
    py32f0xx_hal_flash_1.o(.text.HAL_FLASH_GetError) refers to py32f0xx_hal_flash_1.o(.bss.pFlash) for pFlash
    py32f0xx_hal_flash_1.o(.ARM.exidx.text.HAL_FLASH_GetError) refers to py32f0xx_hal_flash_1.o(.text.HAL_FLASH_GetError) for [Anonymous Symbol]
    py32f0xx_hal_flash_1.o(.text.FLASH_WaitForLastOperation) refers to py32f0xx_hal_1.o(.text.HAL_GetTick) for HAL_GetTick
    py32f0xx_hal_flash_1.o(.ARM.exidx.text.FLASH_WaitForLastOperation) refers to py32f0xx_hal_flash_1.o(.text.FLASH_WaitForLastOperation) for [Anonymous Symbol]
    py32f0xx_hal_flash_1.o(.text.HAL_FLASH_Erase) refers to py32f0xx_hal_1.o(.text.HAL_GetTick) for HAL_GetTick
    py32f0xx_hal_flash_1.o(.text.HAL_FLASH_Erase) refers to py32f0xx_hal_flash_1.o(.bss.pFlash) for pFlash
    py32f0xx_hal_flash_1.o(.text.HAL_FLASH_Erase) refers to py32f0xx_hal_flash_1.o(.rodata._FlashTimmingParam) for _FlashTimmingParam
    py32f0xx_hal_flash_1.o(.ARM.exidx.text.HAL_FLASH_Erase) refers to py32f0xx_hal_flash_1.o(.text.HAL_FLASH_Erase) for [Anonymous Symbol]
    py32f0xx_hal_flash_1.o(.text.HAL_FLASH_Erase_IT) refers to py32f0xx_hal_1.o(.text.HAL_GetTick) for HAL_GetTick
    py32f0xx_hal_flash_1.o(.text.HAL_FLASH_Erase_IT) refers to py32f0xx_hal_flash_1.o(.bss.pFlash) for pFlash
    py32f0xx_hal_flash_1.o(.text.HAL_FLASH_Erase_IT) refers to py32f0xx_hal_flash_1.o(.rodata._FlashTimmingParam) for _FlashTimmingParam
    py32f0xx_hal_flash_1.o(.ARM.exidx.text.HAL_FLASH_Erase_IT) refers to py32f0xx_hal_flash_1.o(.text.HAL_FLASH_Erase_IT) for [Anonymous Symbol]
    py32f0xx_hal_flash_1.o(.text.HAL_FLASH_PageProgram) refers to py32f0xx_hal_flash_1.o(.text.HAL_FLASH_Program) for HAL_FLASH_Program
    py32f0xx_hal_flash_1.o(.ARM.exidx.text.HAL_FLASH_PageProgram) refers to py32f0xx_hal_flash_1.o(.text.HAL_FLASH_PageProgram) for [Anonymous Symbol]
    py32f0xx_hal_flash_1.o(.text.HAL_FLASH_Program) refers to py32f0xx_hal_1.o(.text.HAL_GetTick) for HAL_GetTick
    py32f0xx_hal_flash_1.o(.text.HAL_FLASH_Program) refers to py32f0xx_hal_flash_1.o(.bss.pFlash) for pFlash
    py32f0xx_hal_flash_1.o(.text.HAL_FLASH_Program) refers to py32f0xx_hal_flash_1.o(.rodata._FlashTimmingParam) for _FlashTimmingParam
    py32f0xx_hal_flash_1.o(.ARM.exidx.text.HAL_FLASH_Program) refers to py32f0xx_hal_flash_1.o(.text.HAL_FLASH_Program) for [Anonymous Symbol]
    py32f0xx_hal_flash_1.o(.text.HAL_FLASH_PageProgram_IT) refers to py32f0xx_hal_flash_1.o(.text.HAL_FLASH_Program_IT) for HAL_FLASH_Program_IT
    py32f0xx_hal_flash_1.o(.ARM.exidx.text.HAL_FLASH_PageProgram_IT) refers to py32f0xx_hal_flash_1.o(.text.HAL_FLASH_PageProgram_IT) for [Anonymous Symbol]
    py32f0xx_hal_flash_1.o(.text.HAL_FLASH_Program_IT) refers to py32f0xx_hal_1.o(.text.HAL_GetTick) for HAL_GetTick
    py32f0xx_hal_flash_1.o(.text.HAL_FLASH_Program_IT) refers to py32f0xx_hal_flash_1.o(.bss.pFlash) for pFlash
    py32f0xx_hal_flash_1.o(.text.HAL_FLASH_Program_IT) refers to py32f0xx_hal_flash_1.o(.rodata._FlashTimmingParam) for _FlashTimmingParam
    py32f0xx_hal_flash_1.o(.ARM.exidx.text.HAL_FLASH_Program_IT) refers to py32f0xx_hal_flash_1.o(.text.HAL_FLASH_Program_IT) for [Anonymous Symbol]
    py32f0xx_hal_flash_1.o(.text.HAL_FLASH_OB_RDP_LevelConfig) refers to py32f0xx_hal_1.o(.text.HAL_GetTick) for HAL_GetTick
    py32f0xx_hal_flash_1.o(.text.HAL_FLASH_OB_RDP_LevelConfig) refers to py32f0xx_hal_flash_1.o(.bss.pFlash) for pFlash
    py32f0xx_hal_flash_1.o(.ARM.exidx.text.HAL_FLASH_OB_RDP_LevelConfig) refers to py32f0xx_hal_flash_1.o(.text.HAL_FLASH_OB_RDP_LevelConfig) for [Anonymous Symbol]
    py32f0xx_hal_flash_1.o(.text.HAL_FLASH_OBProgram) refers to py32f0xx_hal_1.o(.text.HAL_GetTick) for HAL_GetTick
    py32f0xx_hal_flash_1.o(.text.HAL_FLASH_OBProgram) refers to py32f0xx_hal_flash_1.o(.bss.pFlash) for pFlash
    py32f0xx_hal_flash_1.o(.text.HAL_FLASH_OBProgram) refers to py32f0xx_hal_flash_1.o(.rodata._FlashTimmingParam) for _FlashTimmingParam
    py32f0xx_hal_flash_1.o(.ARM.exidx.text.HAL_FLASH_OBProgram) refers to py32f0xx_hal_flash_1.o(.text.HAL_FLASH_OBProgram) for [Anonymous Symbol]
    py32f0xx_hal_flash_1.o(.ARM.exidx.text.HAL_FLASH_OBGetConfig) refers to py32f0xx_hal_flash_1.o(.text.HAL_FLASH_OBGetConfig) for [Anonymous Symbol]
    py32f0xx_hal_flash_1.o(.text.HAL_FLASH_IRQHandler) refers to py32f0xx_hal_flash_1.o(.text.HAL_FLASH_OperationErrorCallback) for HAL_FLASH_OperationErrorCallback
    py32f0xx_hal_flash_1.o(.text.HAL_FLASH_IRQHandler) refers to py32f0xx_hal_flash_1.o(.text.HAL_FLASH_EndOfOperationCallback) for HAL_FLASH_EndOfOperationCallback
    py32f0xx_hal_flash_1.o(.text.HAL_FLASH_IRQHandler) refers to py32f0xx_hal_flash_1.o(.bss.pFlash) for pFlash
    py32f0xx_hal_flash_1.o(.ARM.exidx.text.HAL_FLASH_IRQHandler) refers to py32f0xx_hal_flash_1.o(.text.HAL_FLASH_IRQHandler) for [Anonymous Symbol]
    py32f0xx_hal_flash_1.o(.ARM.exidx.text.HAL_FLASH_OperationErrorCallback) refers to py32f0xx_hal_flash_1.o(.text.HAL_FLASH_OperationErrorCallback) for [Anonymous Symbol]
    py32f0xx_hal_flash_1.o(.ARM.exidx.text.HAL_FLASH_EndOfOperationCallback) refers to py32f0xx_hal_flash_1.o(.text.HAL_FLASH_EndOfOperationCallback) for [Anonymous Symbol]
    py32f0xx_hal_gpio_1.o(.ARM.exidx.text.HAL_GPIO_Init) refers to py32f0xx_hal_gpio_1.o(.text.HAL_GPIO_Init) for [Anonymous Symbol]
    py32f0xx_hal_gpio_1.o(.ARM.exidx.text.HAL_GPIO_DeInit) refers to py32f0xx_hal_gpio_1.o(.text.HAL_GPIO_DeInit) for [Anonymous Symbol]
    py32f0xx_hal_gpio_1.o(.ARM.exidx.text.HAL_GPIO_ReadPin) refers to py32f0xx_hal_gpio_1.o(.text.HAL_GPIO_ReadPin) for [Anonymous Symbol]
    py32f0xx_hal_gpio_1.o(.ARM.exidx.text.HAL_GPIO_WritePin) refers to py32f0xx_hal_gpio_1.o(.text.HAL_GPIO_WritePin) for [Anonymous Symbol]
    py32f0xx_hal_gpio_1.o(.ARM.exidx.text.HAL_GPIO_TogglePin) refers to py32f0xx_hal_gpio_1.o(.text.HAL_GPIO_TogglePin) for [Anonymous Symbol]
    py32f0xx_hal_gpio_1.o(.ARM.exidx.text.HAL_GPIO_LockPin) refers to py32f0xx_hal_gpio_1.o(.text.HAL_GPIO_LockPin) for [Anonymous Symbol]
    py32f0xx_hal_gpio_1.o(.ARM.exidx.text.HAL_GPIO_EXTI_Callback) refers to py32f0xx_hal_gpio_1.o(.text.HAL_GPIO_EXTI_Callback) for [Anonymous Symbol]
    py32f0xx_hal_gpio_1.o(.text.HAL_GPIO_EXTI_IRQHandler) refers to py32f0xx_hal_gpio_1.o(.text.HAL_GPIO_EXTI_Callback) for HAL_GPIO_EXTI_Callback
    py32f0xx_hal_gpio_1.o(.ARM.exidx.text.HAL_GPIO_EXTI_IRQHandler) refers to py32f0xx_hal_gpio_1.o(.text.HAL_GPIO_EXTI_IRQHandler) for [Anonymous Symbol]
    py32f0xx_hal_pwr_1.o(.ARM.exidx.text.HAL_PWR_DeInit) refers to py32f0xx_hal_pwr_1.o(.text.HAL_PWR_DeInit) for [Anonymous Symbol]
    py32f0xx_hal_pwr_1.o(.ARM.exidx.text.HAL_PWR_EnableBkUpAccess) refers to py32f0xx_hal_pwr_1.o(.text.HAL_PWR_EnableBkUpAccess) for [Anonymous Symbol]
    py32f0xx_hal_pwr_1.o(.ARM.exidx.text.HAL_PWR_DisableBkUpAccess) refers to py32f0xx_hal_pwr_1.o(.text.HAL_PWR_DisableBkUpAccess) for [Anonymous Symbol]
    py32f0xx_hal_pwr_1.o(.ARM.exidx.text.HAL_PWR_ConfigPVD) refers to py32f0xx_hal_pwr_1.o(.text.HAL_PWR_ConfigPVD) for [Anonymous Symbol]
    py32f0xx_hal_pwr_1.o(.ARM.exidx.text.HAL_PWR_EnablePVD) refers to py32f0xx_hal_pwr_1.o(.text.HAL_PWR_EnablePVD) for [Anonymous Symbol]
    py32f0xx_hal_pwr_1.o(.ARM.exidx.text.HAL_PWR_DisablePVD) refers to py32f0xx_hal_pwr_1.o(.text.HAL_PWR_DisablePVD) for [Anonymous Symbol]
    py32f0xx_hal_pwr_1.o(.ARM.exidx.text.HAL_PWR_ConfigStopMode) refers to py32f0xx_hal_pwr_1.o(.text.HAL_PWR_ConfigStopMode) for [Anonymous Symbol]
    py32f0xx_hal_pwr_1.o(.ARM.exidx.text.HAL_PWR_ConfigBIAS) refers to py32f0xx_hal_pwr_1.o(.text.HAL_PWR_ConfigBIAS) for [Anonymous Symbol]
    py32f0xx_hal_pwr_1.o(.ARM.exidx.text.HAL_PWR_EnterSLEEPMode) refers to py32f0xx_hal_pwr_1.o(.text.HAL_PWR_EnterSLEEPMode) for [Anonymous Symbol]
    py32f0xx_hal_pwr_1.o(.ARM.exidx.text.HAL_PWR_EnterSTOPMode) refers to py32f0xx_hal_pwr_1.o(.text.HAL_PWR_EnterSTOPMode) for [Anonymous Symbol]
    py32f0xx_hal_pwr_1.o(.ARM.exidx.text.HAL_PWR_EnableSleepOnExit) refers to py32f0xx_hal_pwr_1.o(.text.HAL_PWR_EnableSleepOnExit) for [Anonymous Symbol]
    py32f0xx_hal_pwr_1.o(.ARM.exidx.text.HAL_PWR_DisableSleepOnExit) refers to py32f0xx_hal_pwr_1.o(.text.HAL_PWR_DisableSleepOnExit) for [Anonymous Symbol]
    py32f0xx_hal_pwr_1.o(.ARM.exidx.text.HAL_PWR_EnableSEVOnPend) refers to py32f0xx_hal_pwr_1.o(.text.HAL_PWR_EnableSEVOnPend) for [Anonymous Symbol]
    py32f0xx_hal_pwr_1.o(.ARM.exidx.text.HAL_PWR_DisableSEVOnPend) refers to py32f0xx_hal_pwr_1.o(.text.HAL_PWR_DisableSEVOnPend) for [Anonymous Symbol]
    py32f0xx_hal_pwr_1.o(.text.HAL_PWR_PVD_IRQHandler) refers to py32f0xx_hal_pwr_1.o(.text.HAL_PWR_PVD_Callback) for HAL_PWR_PVD_Callback
    py32f0xx_hal_pwr_1.o(.ARM.exidx.text.HAL_PWR_PVD_IRQHandler) refers to py32f0xx_hal_pwr_1.o(.text.HAL_PWR_PVD_IRQHandler) for [Anonymous Symbol]
    py32f0xx_hal_pwr_1.o(.ARM.exidx.text.HAL_PWR_PVD_Callback) refers to py32f0xx_hal_pwr_1.o(.text.HAL_PWR_PVD_Callback) for [Anonymous Symbol]
    py32f0xx_hal_rcc_1.o(.text.HAL_RCC_DeInit) refers to py32f0xx_hal_1.o(.text.HAL_GetTick) for HAL_GetTick
    py32f0xx_hal_rcc_1.o(.text.HAL_RCC_DeInit) refers to py32f0xx_hal_1.o(.text.HAL_InitTick) for HAL_InitTick
    py32f0xx_hal_rcc_1.o(.text.HAL_RCC_DeInit) refers to system_py32f0xx.o(.data.SystemCoreClock) for SystemCoreClock
    py32f0xx_hal_rcc_1.o(.text.HAL_RCC_DeInit) refers to py32f0xx_hal_1.o(.data.uwTickPrio) for uwTickPrio
    py32f0xx_hal_rcc_1.o(.ARM.exidx.text.HAL_RCC_DeInit) refers to py32f0xx_hal_rcc_1.o(.text.HAL_RCC_DeInit) for [Anonymous Symbol]
    py32f0xx_hal_rcc_1.o(.text.HAL_RCC_OscConfig) refers to py32f0xx_hal_1.o(.text.HAL_GetTick) for HAL_GetTick
    py32f0xx_hal_rcc_1.o(.text.HAL_RCC_OscConfig) refers to py32f0xx_hal_rcc_1.o(.text.HAL_RCC_GetSysClockFreq) for HAL_RCC_GetSysClockFreq
    py32f0xx_hal_rcc_1.o(.text.HAL_RCC_OscConfig) refers to py32f0xx_hal_1.o(.text.HAL_InitTick) for HAL_InitTick
    py32f0xx_hal_rcc_1.o(.text.HAL_RCC_OscConfig) refers to system_py32f0xx.o(.rodata.AHBPrescTable) for AHBPrescTable
    py32f0xx_hal_rcc_1.o(.text.HAL_RCC_OscConfig) refers to system_py32f0xx.o(.data.SystemCoreClock) for SystemCoreClock
    py32f0xx_hal_rcc_1.o(.text.HAL_RCC_OscConfig) refers to py32f0xx_hal_1.o(.data.uwTickPrio) for uwTickPrio
    py32f0xx_hal_rcc_1.o(.text.HAL_RCC_OscConfig) refers to system_py32f0xx.o(.rodata.HSIFreqTable) for HSIFreqTable
    py32f0xx_hal_rcc_1.o(.ARM.exidx.text.HAL_RCC_OscConfig) refers to py32f0xx_hal_rcc_1.o(.text.HAL_RCC_OscConfig) for [Anonymous Symbol]
    py32f0xx_hal_rcc_1.o(.text.HAL_RCC_GetSysClockFreq) refers to py32f0xx_hal_rcc_1.o(.rodata..L__const.HAL_RCC_GetSysClockFreq.hsiValue) for [Anonymous Symbol]
    py32f0xx_hal_rcc_1.o(.ARM.exidx.text.HAL_RCC_GetSysClockFreq) refers to py32f0xx_hal_rcc_1.o(.text.HAL_RCC_GetSysClockFreq) for [Anonymous Symbol]
    py32f0xx_hal_rcc_1.o(.text.HAL_RCC_ClockConfig) refers to py32f0xx_hal_1.o(.text.HAL_GetTick) for HAL_GetTick
    py32f0xx_hal_rcc_1.o(.text.HAL_RCC_ClockConfig) refers to py32f0xx_hal_1.o(.text.HAL_InitTick) for HAL_InitTick
    py32f0xx_hal_rcc_1.o(.text.HAL_RCC_ClockConfig) refers to py32f0xx_hal_rcc_1.o(.rodata..L__const.HAL_RCC_GetSysClockFreq.hsiValue) for [Anonymous Symbol]
    py32f0xx_hal_rcc_1.o(.text.HAL_RCC_ClockConfig) refers to system_py32f0xx.o(.rodata.AHBPrescTable) for AHBPrescTable
    py32f0xx_hal_rcc_1.o(.text.HAL_RCC_ClockConfig) refers to system_py32f0xx.o(.data.SystemCoreClock) for SystemCoreClock
    py32f0xx_hal_rcc_1.o(.text.HAL_RCC_ClockConfig) refers to py32f0xx_hal_1.o(.data.uwTickPrio) for uwTickPrio
    py32f0xx_hal_rcc_1.o(.ARM.exidx.text.HAL_RCC_ClockConfig) refers to py32f0xx_hal_rcc_1.o(.text.HAL_RCC_ClockConfig) for [Anonymous Symbol]
    py32f0xx_hal_rcc_1.o(.text.HAL_RCC_MCOConfig) refers to py32f0xx_hal_gpio_1.o(.text.HAL_GPIO_Init) for HAL_GPIO_Init
    py32f0xx_hal_rcc_1.o(.ARM.exidx.text.HAL_RCC_MCOConfig) refers to py32f0xx_hal_rcc_1.o(.text.HAL_RCC_MCOConfig) for [Anonymous Symbol]
    py32f0xx_hal_rcc_1.o(.text.HAL_RCC_GetHCLKFreq) refers to system_py32f0xx.o(.data.SystemCoreClock) for SystemCoreClock
    py32f0xx_hal_rcc_1.o(.ARM.exidx.text.HAL_RCC_GetHCLKFreq) refers to py32f0xx_hal_rcc_1.o(.text.HAL_RCC_GetHCLKFreq) for [Anonymous Symbol]
    py32f0xx_hal_rcc_1.o(.text.HAL_RCC_GetPCLK1Freq) refers to system_py32f0xx.o(.data.SystemCoreClock) for SystemCoreClock
    py32f0xx_hal_rcc_1.o(.text.HAL_RCC_GetPCLK1Freq) refers to system_py32f0xx.o(.rodata.APBPrescTable) for APBPrescTable
    py32f0xx_hal_rcc_1.o(.ARM.exidx.text.HAL_RCC_GetPCLK1Freq) refers to py32f0xx_hal_rcc_1.o(.text.HAL_RCC_GetPCLK1Freq) for [Anonymous Symbol]
    py32f0xx_hal_rcc_1.o(.ARM.exidx.text.HAL_RCC_GetOscConfig) refers to py32f0xx_hal_rcc_1.o(.text.HAL_RCC_GetOscConfig) for [Anonymous Symbol]
    py32f0xx_hal_rcc_1.o(.ARM.exidx.text.HAL_RCC_GetClockConfig) refers to py32f0xx_hal_rcc_1.o(.text.HAL_RCC_GetClockConfig) for [Anonymous Symbol]
    py32f0xx_hal_rcc_1.o(.ARM.exidx.text.HAL_RCC_EnableCSS) refers to py32f0xx_hal_rcc_1.o(.text.HAL_RCC_EnableCSS) for [Anonymous Symbol]
    py32f0xx_hal_rcc_1.o(.ARM.exidx.text.HAL_RCC_EnableLSECSS) refers to py32f0xx_hal_rcc_1.o(.text.HAL_RCC_EnableLSECSS) for [Anonymous Symbol]
    py32f0xx_hal_rcc_1.o(.ARM.exidx.text.HAL_RCC_DisableLSECSS) refers to py32f0xx_hal_rcc_1.o(.text.HAL_RCC_DisableLSECSS) for [Anonymous Symbol]
    py32f0xx_hal_rcc_1.o(.text.HAL_RCC_NMI_IRQHandler) refers to py32f0xx_hal_rcc_1.o(.text.HAL_RCC_CSSCallback) for HAL_RCC_CSSCallback
    py32f0xx_hal_rcc_1.o(.text.HAL_RCC_NMI_IRQHandler) refers to py32f0xx_hal_rcc_1.o(.text.HAL_RCC_LSECSSCallback) for HAL_RCC_LSECSSCallback
    py32f0xx_hal_rcc_1.o(.ARM.exidx.text.HAL_RCC_NMI_IRQHandler) refers to py32f0xx_hal_rcc_1.o(.text.HAL_RCC_NMI_IRQHandler) for [Anonymous Symbol]
    py32f0xx_hal_rcc_1.o(.ARM.exidx.text.HAL_RCC_CSSCallback) refers to py32f0xx_hal_rcc_1.o(.text.HAL_RCC_CSSCallback) for [Anonymous Symbol]
    py32f0xx_hal_rcc_1.o(.ARM.exidx.text.HAL_RCC_LSECSSCallback) refers to py32f0xx_hal_rcc_1.o(.text.HAL_RCC_LSECSSCallback) for [Anonymous Symbol]
    py32f0xx_hal_rcc_ex_1.o(.text.HAL_RCCEx_PeriphCLKConfig) refers to py32f0xx_hal_1.o(.text.HAL_GetTick) for HAL_GetTick
    py32f0xx_hal_rcc_ex_1.o(.ARM.exidx.text.HAL_RCCEx_PeriphCLKConfig) refers to py32f0xx_hal_rcc_ex_1.o(.text.HAL_RCCEx_PeriphCLKConfig) for [Anonymous Symbol]
    py32f0xx_hal_rcc_ex_1.o(.ARM.exidx.text.HAL_RCCEx_GetPeriphCLKConfig) refers to py32f0xx_hal_rcc_ex_1.o(.text.HAL_RCCEx_GetPeriphCLKConfig) for [Anonymous Symbol]
    py32f0xx_hal_rcc_ex_1.o(.text.HAL_RCCEx_GetPeriphCLKFreq) refers to py32f0xx_hal_rcc_1.o(.text.HAL_RCC_GetPCLK1Freq) for HAL_RCC_GetPCLK1Freq
    py32f0xx_hal_rcc_ex_1.o(.ARM.exidx.text.HAL_RCCEx_GetPeriphCLKFreq) refers to py32f0xx_hal_rcc_ex_1.o(.text.HAL_RCCEx_GetPeriphCLKFreq) for [Anonymous Symbol]
    py32f0xx_hal_rcc_ex_1.o(.text.HAL_RCCEx_EnableLSCO) refers to py32f0xx_hal_gpio_1.o(.text.HAL_GPIO_Init) for HAL_GPIO_Init
    py32f0xx_hal_rcc_ex_1.o(.text.HAL_RCCEx_EnableLSCO) refers to py32f0xx_hal_pwr_1.o(.text.HAL_PWR_EnableBkUpAccess) for HAL_PWR_EnableBkUpAccess
    py32f0xx_hal_rcc_ex_1.o(.text.HAL_RCCEx_EnableLSCO) refers to py32f0xx_hal_pwr_1.o(.text.HAL_PWR_DisableBkUpAccess) for HAL_PWR_DisableBkUpAccess
    py32f0xx_hal_rcc_ex_1.o(.ARM.exidx.text.HAL_RCCEx_EnableLSCO) refers to py32f0xx_hal_rcc_ex_1.o(.text.HAL_RCCEx_EnableLSCO) for [Anonymous Symbol]
    py32f0xx_hal_rcc_ex_1.o(.text.HAL_RCCEx_DisableLSCO) refers to py32f0xx_hal_pwr_1.o(.text.HAL_PWR_EnableBkUpAccess) for HAL_PWR_EnableBkUpAccess
    py32f0xx_hal_rcc_ex_1.o(.text.HAL_RCCEx_DisableLSCO) refers to py32f0xx_hal_pwr_1.o(.text.HAL_PWR_DisableBkUpAccess) for HAL_PWR_DisableBkUpAccess
    py32f0xx_hal_rcc_ex_1.o(.ARM.exidx.text.HAL_RCCEx_DisableLSCO) refers to py32f0xx_hal_rcc_ex_1.o(.text.HAL_RCCEx_DisableLSCO) for [Anonymous Symbol]
    py32f0xx_hal_uart_1.o(.text.HAL_UART_Init) refers to py32f0xx_hal_uart_1.o(.text.HAL_UART_MspInit) for HAL_UART_MspInit
    py32f0xx_hal_uart_1.o(.text.HAL_UART_Init) refers to py32f0xx_hal_uart_1.o(.text.UART_SetConfig) for UART_SetConfig
    py32f0xx_hal_uart_1.o(.ARM.exidx.text.HAL_UART_Init) refers to py32f0xx_hal_uart_1.o(.text.HAL_UART_Init) for [Anonymous Symbol]
    py32f0xx_hal_uart_1.o(.ARM.exidx.text.HAL_UART_MspInit) refers to py32f0xx_hal_uart_1.o(.text.HAL_UART_MspInit) for [Anonymous Symbol]
    py32f0xx_hal_uart_1.o(.text.UART_SetConfig) refers to py32f0xx_hal_rcc_1.o(.text.HAL_RCC_GetPCLK1Freq) for HAL_RCC_GetPCLK1Freq
    py32f0xx_hal_uart_1.o(.text.UART_SetConfig) refers to uidiv_div0.o(.text) for __aeabi_uidiv
    py32f0xx_hal_uart_1.o(.ARM.exidx.text.UART_SetConfig) refers to py32f0xx_hal_uart_1.o(.text.UART_SetConfig) for [Anonymous Symbol]
    py32f0xx_hal_uart_1.o(.text.HAL_HalfDuplex_Init) refers to py32f0xx_hal_uart_1.o(.text.HAL_UART_MspInit) for HAL_UART_MspInit
    py32f0xx_hal_uart_1.o(.text.HAL_HalfDuplex_Init) refers to py32f0xx_hal_uart_1.o(.text.UART_SetConfig) for UART_SetConfig
    py32f0xx_hal_uart_1.o(.ARM.exidx.text.HAL_HalfDuplex_Init) refers to py32f0xx_hal_uart_1.o(.text.HAL_HalfDuplex_Init) for [Anonymous Symbol]
    py32f0xx_hal_uart_1.o(.text.HAL_MultiProcessor_Init) refers to py32f0xx_hal_uart_1.o(.text.HAL_UART_MspInit) for HAL_UART_MspInit
    py32f0xx_hal_uart_1.o(.text.HAL_MultiProcessor_Init) refers to py32f0xx_hal_uart_1.o(.text.UART_SetConfig) for UART_SetConfig
    py32f0xx_hal_uart_1.o(.ARM.exidx.text.HAL_MultiProcessor_Init) refers to py32f0xx_hal_uart_1.o(.text.HAL_MultiProcessor_Init) for [Anonymous Symbol]
    py32f0xx_hal_uart_1.o(.text.HAL_UART_DeInit) refers to py32f0xx_hal_uart_1.o(.text.HAL_UART_MspDeInit) for HAL_UART_MspDeInit
    py32f0xx_hal_uart_1.o(.ARM.exidx.text.HAL_UART_DeInit) refers to py32f0xx_hal_uart_1.o(.text.HAL_UART_DeInit) for [Anonymous Symbol]
    py32f0xx_hal_uart_1.o(.ARM.exidx.text.HAL_UART_MspDeInit) refers to py32f0xx_hal_uart_1.o(.text.HAL_UART_MspDeInit) for [Anonymous Symbol]
    py32f0xx_hal_uart_1.o(.text.HAL_UART_Transmit) refers to py32f0xx_hal_1.o(.text.HAL_GetTick) for HAL_GetTick
    py32f0xx_hal_uart_1.o(.ARM.exidx.text.HAL_UART_Transmit) refers to py32f0xx_hal_uart_1.o(.text.HAL_UART_Transmit) for [Anonymous Symbol]
    py32f0xx_hal_uart_1.o(.text.HAL_UART_Receive) refers to py32f0xx_hal_1.o(.text.HAL_GetTick) for HAL_GetTick
    py32f0xx_hal_uart_1.o(.ARM.exidx.text.HAL_UART_Receive) refers to py32f0xx_hal_uart_1.o(.text.HAL_UART_Receive) for [Anonymous Symbol]
    py32f0xx_hal_uart_1.o(.ARM.exidx.text.HAL_UART_Transmit_IT) refers to py32f0xx_hal_uart_1.o(.text.HAL_UART_Transmit_IT) for [Anonymous Symbol]
    py32f0xx_hal_uart_1.o(.ARM.exidx.text.HAL_UART_Receive_IT) refers to py32f0xx_hal_uart_1.o(.text.HAL_UART_Receive_IT) for [Anonymous Symbol]
    py32f0xx_hal_uart_1.o(.text.HAL_UART_Transmit_DMA) refers to py32f0xx_hal_dma_1.o(.text.HAL_DMA_Start_IT) for HAL_DMA_Start_IT
    py32f0xx_hal_uart_1.o(.text.HAL_UART_Transmit_DMA) refers to py32f0xx_hal_uart_1.o(.text.UART_DMAError) for UART_DMAError
    py32f0xx_hal_uart_1.o(.text.HAL_UART_Transmit_DMA) refers to py32f0xx_hal_uart_1.o(.text.UART_DMATxHalfCplt) for UART_DMATxHalfCplt
    py32f0xx_hal_uart_1.o(.text.HAL_UART_Transmit_DMA) refers to py32f0xx_hal_uart_1.o(.text.UART_DMATransmitCplt) for UART_DMATransmitCplt
    py32f0xx_hal_uart_1.o(.ARM.exidx.text.HAL_UART_Transmit_DMA) refers to py32f0xx_hal_uart_1.o(.text.HAL_UART_Transmit_DMA) for [Anonymous Symbol]
    py32f0xx_hal_uart_1.o(.text.UART_DMATransmitCplt) refers to py32f0xx_hal_uart_1.o(.text.HAL_UART_TxCpltCallback) for HAL_UART_TxCpltCallback
    py32f0xx_hal_uart_1.o(.ARM.exidx.text.UART_DMATransmitCplt) refers to py32f0xx_hal_uart_1.o(.text.UART_DMATransmitCplt) for [Anonymous Symbol]
    py32f0xx_hal_uart_1.o(.text.UART_DMATxHalfCplt) refers to py32f0xx_hal_uart_1.o(.text.HAL_UART_TxHalfCpltCallback) for HAL_UART_TxHalfCpltCallback
    py32f0xx_hal_uart_1.o(.ARM.exidx.text.UART_DMATxHalfCplt) refers to py32f0xx_hal_uart_1.o(.text.UART_DMATxHalfCplt) for [Anonymous Symbol]
    py32f0xx_hal_uart_1.o(.text.UART_DMAError) refers to py32f0xx_hal_uart_1.o(.text.HAL_UART_ErrorCallback) for HAL_UART_ErrorCallback
    py32f0xx_hal_uart_1.o(.ARM.exidx.text.UART_DMAError) refers to py32f0xx_hal_uart_1.o(.text.UART_DMAError) for [Anonymous Symbol]
    py32f0xx_hal_uart_1.o(.text.HAL_UART_Receive_DMA) refers to py32f0xx_hal_dma_1.o(.text.HAL_DMA_Start_IT) for HAL_DMA_Start_IT
    py32f0xx_hal_uart_1.o(.text.HAL_UART_Receive_DMA) refers to py32f0xx_hal_uart_1.o(.text.UART_DMAError) for UART_DMAError
    py32f0xx_hal_uart_1.o(.text.HAL_UART_Receive_DMA) refers to py32f0xx_hal_uart_1.o(.text.UART_DMARxHalfCplt) for UART_DMARxHalfCplt
    py32f0xx_hal_uart_1.o(.text.HAL_UART_Receive_DMA) refers to py32f0xx_hal_uart_1.o(.text.UART_DMAReceiveCplt) for UART_DMAReceiveCplt
    py32f0xx_hal_uart_1.o(.ARM.exidx.text.HAL_UART_Receive_DMA) refers to py32f0xx_hal_uart_1.o(.text.HAL_UART_Receive_DMA) for [Anonymous Symbol]
    py32f0xx_hal_uart_1.o(.text.UART_DMAReceiveCplt) refers to py32f0xx_hal_uart_1.o(.text.HAL_UART_RxCpltCallback) for HAL_UART_RxCpltCallback
    py32f0xx_hal_uart_1.o(.ARM.exidx.text.UART_DMAReceiveCplt) refers to py32f0xx_hal_uart_1.o(.text.UART_DMAReceiveCplt) for [Anonymous Symbol]
    py32f0xx_hal_uart_1.o(.text.UART_DMARxHalfCplt) refers to py32f0xx_hal_uart_1.o(.text.HAL_UART_RxHalfCpltCallback) for HAL_UART_RxHalfCpltCallback
    py32f0xx_hal_uart_1.o(.ARM.exidx.text.UART_DMARxHalfCplt) refers to py32f0xx_hal_uart_1.o(.text.UART_DMARxHalfCplt) for [Anonymous Symbol]
    py32f0xx_hal_uart_1.o(.ARM.exidx.text.HAL_UART_DMAPause) refers to py32f0xx_hal_uart_1.o(.text.HAL_UART_DMAPause) for [Anonymous Symbol]
    py32f0xx_hal_uart_1.o(.ARM.exidx.text.HAL_UART_DMAResume) refers to py32f0xx_hal_uart_1.o(.text.HAL_UART_DMAResume) for [Anonymous Symbol]
    py32f0xx_hal_uart_1.o(.text.HAL_UART_DMAStop) refers to py32f0xx_hal_dma_1.o(.text.HAL_DMA_Abort) for HAL_DMA_Abort
    py32f0xx_hal_uart_1.o(.ARM.exidx.text.HAL_UART_DMAStop) refers to py32f0xx_hal_uart_1.o(.text.HAL_UART_DMAStop) for [Anonymous Symbol]
    py32f0xx_hal_uart_1.o(.text.HAL_UART_Abort) refers to py32f0xx_hal_dma_1.o(.text.HAL_DMA_Abort) for HAL_DMA_Abort
    py32f0xx_hal_uart_1.o(.text.HAL_UART_Abort) refers to py32f0xx_hal_dma_1.o(.text.HAL_DMA_GetError) for HAL_DMA_GetError
    py32f0xx_hal_uart_1.o(.ARM.exidx.text.HAL_UART_Abort) refers to py32f0xx_hal_uart_1.o(.text.HAL_UART_Abort) for [Anonymous Symbol]
    py32f0xx_hal_uart_1.o(.text.HAL_UART_AbortTransmit) refers to py32f0xx_hal_dma_1.o(.text.HAL_DMA_Abort) for HAL_DMA_Abort
    py32f0xx_hal_uart_1.o(.text.HAL_UART_AbortTransmit) refers to py32f0xx_hal_dma_1.o(.text.HAL_DMA_GetError) for HAL_DMA_GetError
    py32f0xx_hal_uart_1.o(.ARM.exidx.text.HAL_UART_AbortTransmit) refers to py32f0xx_hal_uart_1.o(.text.HAL_UART_AbortTransmit) for [Anonymous Symbol]
    py32f0xx_hal_uart_1.o(.text.HAL_UART_AbortReceive) refers to py32f0xx_hal_dma_1.o(.text.HAL_DMA_Abort) for HAL_DMA_Abort
    py32f0xx_hal_uart_1.o(.text.HAL_UART_AbortReceive) refers to py32f0xx_hal_dma_1.o(.text.HAL_DMA_GetError) for HAL_DMA_GetError
    py32f0xx_hal_uart_1.o(.ARM.exidx.text.HAL_UART_AbortReceive) refers to py32f0xx_hal_uart_1.o(.text.HAL_UART_AbortReceive) for [Anonymous Symbol]
    py32f0xx_hal_uart_1.o(.text.HAL_UART_Abort_IT) refers to py32f0xx_hal_dma_1.o(.text.HAL_DMA_Abort_IT) for HAL_DMA_Abort_IT
    py32f0xx_hal_uart_1.o(.text.HAL_UART_Abort_IT) refers to py32f0xx_hal_uart_1.o(.text.HAL_UART_AbortCpltCallback) for HAL_UART_AbortCpltCallback
    py32f0xx_hal_uart_1.o(.text.HAL_UART_Abort_IT) refers to py32f0xx_hal_uart_1.o(.text.UART_DMATxAbortCallback) for UART_DMATxAbortCallback
    py32f0xx_hal_uart_1.o(.text.HAL_UART_Abort_IT) refers to py32f0xx_hal_uart_1.o(.text.UART_DMARxAbortCallback) for UART_DMARxAbortCallback
    py32f0xx_hal_uart_1.o(.ARM.exidx.text.HAL_UART_Abort_IT) refers to py32f0xx_hal_uart_1.o(.text.HAL_UART_Abort_IT) for [Anonymous Symbol]
    py32f0xx_hal_uart_1.o(.text.UART_DMATxAbortCallback) refers to py32f0xx_hal_uart_1.o(.text.HAL_UART_AbortCpltCallback) for HAL_UART_AbortCpltCallback
    py32f0xx_hal_uart_1.o(.ARM.exidx.text.UART_DMATxAbortCallback) refers to py32f0xx_hal_uart_1.o(.text.UART_DMATxAbortCallback) for [Anonymous Symbol]
    py32f0xx_hal_uart_1.o(.text.UART_DMARxAbortCallback) refers to py32f0xx_hal_uart_1.o(.text.HAL_UART_AbortCpltCallback) for HAL_UART_AbortCpltCallback
    py32f0xx_hal_uart_1.o(.ARM.exidx.text.UART_DMARxAbortCallback) refers to py32f0xx_hal_uart_1.o(.text.UART_DMARxAbortCallback) for [Anonymous Symbol]
    py32f0xx_hal_uart_1.o(.ARM.exidx.text.HAL_UART_AbortCpltCallback) refers to py32f0xx_hal_uart_1.o(.text.HAL_UART_AbortCpltCallback) for [Anonymous Symbol]
    py32f0xx_hal_uart_1.o(.text.HAL_UART_AbortTransmit_IT) refers to py32f0xx_hal_dma_1.o(.text.HAL_DMA_Abort_IT) for HAL_DMA_Abort_IT
    py32f0xx_hal_uart_1.o(.text.HAL_UART_AbortTransmit_IT) refers to py32f0xx_hal_uart_1.o(.text.HAL_UART_AbortTransmitCpltCallback) for HAL_UART_AbortTransmitCpltCallback
    py32f0xx_hal_uart_1.o(.text.HAL_UART_AbortTransmit_IT) refers to py32f0xx_hal_uart_1.o(.text.UART_DMATxOnlyAbortCallback) for UART_DMATxOnlyAbortCallback
    py32f0xx_hal_uart_1.o(.ARM.exidx.text.HAL_UART_AbortTransmit_IT) refers to py32f0xx_hal_uart_1.o(.text.HAL_UART_AbortTransmit_IT) for [Anonymous Symbol]
    py32f0xx_hal_uart_1.o(.text.UART_DMATxOnlyAbortCallback) refers to py32f0xx_hal_uart_1.o(.text.HAL_UART_AbortTransmitCpltCallback) for HAL_UART_AbortTransmitCpltCallback
    py32f0xx_hal_uart_1.o(.ARM.exidx.text.UART_DMATxOnlyAbortCallback) refers to py32f0xx_hal_uart_1.o(.text.UART_DMATxOnlyAbortCallback) for [Anonymous Symbol]
    py32f0xx_hal_uart_1.o(.ARM.exidx.text.HAL_UART_AbortTransmitCpltCallback) refers to py32f0xx_hal_uart_1.o(.text.HAL_UART_AbortTransmitCpltCallback) for [Anonymous Symbol]
    py32f0xx_hal_uart_1.o(.text.HAL_UART_AbortReceive_IT) refers to py32f0xx_hal_dma_1.o(.text.HAL_DMA_Abort_IT) for HAL_DMA_Abort_IT
    py32f0xx_hal_uart_1.o(.text.HAL_UART_AbortReceive_IT) refers to py32f0xx_hal_uart_1.o(.text.HAL_UART_AbortReceiveCpltCallback) for HAL_UART_AbortReceiveCpltCallback
    py32f0xx_hal_uart_1.o(.text.HAL_UART_AbortReceive_IT) refers to py32f0xx_hal_uart_1.o(.text.UART_DMARxOnlyAbortCallback) for UART_DMARxOnlyAbortCallback
    py32f0xx_hal_uart_1.o(.ARM.exidx.text.HAL_UART_AbortReceive_IT) refers to py32f0xx_hal_uart_1.o(.text.HAL_UART_AbortReceive_IT) for [Anonymous Symbol]
    py32f0xx_hal_uart_1.o(.text.UART_DMARxOnlyAbortCallback) refers to py32f0xx_hal_uart_1.o(.text.HAL_UART_AbortReceiveCpltCallback) for HAL_UART_AbortReceiveCpltCallback
    py32f0xx_hal_uart_1.o(.ARM.exidx.text.UART_DMARxOnlyAbortCallback) refers to py32f0xx_hal_uart_1.o(.text.UART_DMARxOnlyAbortCallback) for [Anonymous Symbol]
    py32f0xx_hal_uart_1.o(.ARM.exidx.text.HAL_UART_AbortReceiveCpltCallback) refers to py32f0xx_hal_uart_1.o(.text.HAL_UART_AbortReceiveCpltCallback) for [Anonymous Symbol]
    py32f0xx_hal_uart_1.o(.text.HAL_UART_IRQHandler) refers to py32f0xx_hal_uart_1.o(.text.HAL_UART_IdleFrameDetectCpltCallback) for HAL_UART_IdleFrameDetectCpltCallback
    py32f0xx_hal_uart_1.o(.text.HAL_UART_IRQHandler) refers to py32f0xx_hal_uart_1.o(.text.HAL_UART_TxCpltCallback) for HAL_UART_TxCpltCallback
    py32f0xx_hal_uart_1.o(.text.HAL_UART_IRQHandler) refers to py32f0xx_hal_uart_1.o(.text.HAL_UART_RxCpltCallback) for HAL_UART_RxCpltCallback
    py32f0xx_hal_uart_1.o(.text.HAL_UART_IRQHandler) refers to py32f0xx_hal_dma_1.o(.text.HAL_DMA_Abort_IT) for HAL_DMA_Abort_IT
    py32f0xx_hal_uart_1.o(.text.HAL_UART_IRQHandler) refers to py32f0xx_hal_uart_1.o(.text.HAL_UART_ErrorCallback) for HAL_UART_ErrorCallback
    py32f0xx_hal_uart_1.o(.text.HAL_UART_IRQHandler) refers to py32f0xx_hal_uart_1.o(.text.UART_DMAAbortOnError) for UART_DMAAbortOnError
    py32f0xx_hal_uart_1.o(.ARM.exidx.text.HAL_UART_IRQHandler) refers to py32f0xx_hal_uart_1.o(.text.HAL_UART_IRQHandler) for [Anonymous Symbol]
    py32f0xx_hal_uart_1.o(.text.UART_DMAAbortOnError) refers to py32f0xx_hal_uart_1.o(.text.HAL_UART_ErrorCallback) for HAL_UART_ErrorCallback
    py32f0xx_hal_uart_1.o(.ARM.exidx.text.UART_DMAAbortOnError) refers to py32f0xx_hal_uart_1.o(.text.UART_DMAAbortOnError) for [Anonymous Symbol]
    py32f0xx_hal_uart_1.o(.ARM.exidx.text.HAL_UART_ErrorCallback) refers to py32f0xx_hal_uart_1.o(.text.HAL_UART_ErrorCallback) for [Anonymous Symbol]
    py32f0xx_hal_uart_1.o(.ARM.exidx.text.HAL_UART_IdleFrameDetectCpltCallback) refers to py32f0xx_hal_uart_1.o(.text.HAL_UART_IdleFrameDetectCpltCallback) for [Anonymous Symbol]
    py32f0xx_hal_uart_1.o(.ARM.exidx.text.HAL_UART_TxCpltCallback) refers to py32f0xx_hal_uart_1.o(.text.HAL_UART_TxCpltCallback) for [Anonymous Symbol]
    py32f0xx_hal_uart_1.o(.ARM.exidx.text.HAL_UART_TxHalfCpltCallback) refers to py32f0xx_hal_uart_1.o(.text.HAL_UART_TxHalfCpltCallback) for [Anonymous Symbol]
    py32f0xx_hal_uart_1.o(.ARM.exidx.text.HAL_UART_RxCpltCallback) refers to py32f0xx_hal_uart_1.o(.text.HAL_UART_RxCpltCallback) for [Anonymous Symbol]
    py32f0xx_hal_uart_1.o(.ARM.exidx.text.HAL_UART_RxHalfCpltCallback) refers to py32f0xx_hal_uart_1.o(.text.HAL_UART_RxHalfCpltCallback) for [Anonymous Symbol]
    py32f0xx_hal_uart_1.o(.ARM.exidx.text.HAL_UART_SendBreak) refers to py32f0xx_hal_uart_1.o(.text.HAL_UART_SendBreak) for [Anonymous Symbol]
    py32f0xx_hal_uart_1.o(.ARM.exidx.text.HAL_MultiProcessor_EnterMuteMode) refers to py32f0xx_hal_uart_1.o(.text.HAL_MultiProcessor_EnterMuteMode) for [Anonymous Symbol]
    py32f0xx_hal_uart_1.o(.ARM.exidx.text.HAL_MultiProcessor_ExitMuteMode) refers to py32f0xx_hal_uart_1.o(.text.HAL_MultiProcessor_ExitMuteMode) for [Anonymous Symbol]
    py32f0xx_hal_uart_1.o(.ARM.exidx.text.HAL_HalfDuplex_EnableTransmitter) refers to py32f0xx_hal_uart_1.o(.text.HAL_HalfDuplex_EnableTransmitter) for [Anonymous Symbol]
    py32f0xx_hal_uart_1.o(.ARM.exidx.text.HAL_HalfDuplex_EnableReceiver) refers to py32f0xx_hal_uart_1.o(.text.HAL_HalfDuplex_EnableReceiver) for [Anonymous Symbol]
    py32f0xx_hal_uart_1.o(.ARM.exidx.text.HAL_UART_GetState) refers to py32f0xx_hal_uart_1.o(.text.HAL_UART_GetState) for [Anonymous Symbol]
    py32f0xx_hal_uart_1.o(.ARM.exidx.text.HAL_UART_GetError) refers to py32f0xx_hal_uart_1.o(.text.HAL_UART_GetError) for [Anonymous Symbol]
    entry.o(.ARM.Collect$$$$00000000) refers (Special) to entry10a.o(.ARM.Collect$$$$0000000D) for __rt_final_cpp
    entry.o(.ARM.Collect$$$$00000000) refers (Special) to entry11a.o(.ARM.Collect$$$$0000000F) for __rt_final_exit
    entry.o(.ARM.Collect$$$$00000000) refers (Special) to entry7b.o(.ARM.Collect$$$$00000008) for _main_clock
    entry.o(.ARM.Collect$$$$00000000) refers (Special) to entry8b.o(.ARM.Collect$$$$0000000A) for _main_cpp_init
    entry.o(.ARM.Collect$$$$00000000) refers (Special) to entry9a.o(.ARM.Collect$$$$0000000B) for _main_init
    entry.o(.ARM.Collect$$$$00000000) refers (Special) to entry5.o(.ARM.Collect$$$$00000004) for _main_scatterload
    entry.o(.ARM.Collect$$$$00000000) refers (Special) to entry2.o(.ARM.Collect$$$$00000001) for _main_stk
    entry2.o(.ARM.Collect$$$$00000001) refers to entry2.o(.ARM.Collect$$$$00002712) for __lit__00000000
    entry2.o(.ARM.Collect$$$$00002712) refers to startup_py32f030xx.o(STACK) for __initial_sp
    entry2.o(__vectab_stack_and_reset_area) refers to startup_py32f030xx.o(STACK) for __initial_sp
    entry2.o(__vectab_stack_and_reset_area) refers to entry.o(.ARM.Collect$$$$00000000) for __main
    entry5.o(.ARM.Collect$$$$00000004) refers to init.o(.text) for __scatterload
    entry9a.o(.ARM.Collect$$$$0000000B) refers to system_py32f0xx.o(.text.$Sub$$main) for main
    entry9b.o(.ARM.Collect$$$$0000000C) refers to system_py32f0xx.o(.text.$Sub$$main) for main
    idiv_div0.o(.text) refers to uidiv_div0.o(.text) for __aeabi_uidivmod
    init.o(.text) refers to entry5.o(.ARM.Collect$$$$00000004) for __main_after_scatterload


==============================================================================

Removing Unused input sections from the image.

    Removing startup_py32f030xx.o(HEAP), (0 bytes).
    Removing system_py32f0xx.o(.text), (0 bytes).
    Removing system_py32f0xx.o(.text.SystemCoreClockUpdate), (128 bytes).
    Removing system_py32f0xx.o(.ARM.exidx.text.SystemCoreClockUpdate), (8 bytes).
    Removing system_py32f0xx.o(.ARM.exidx.text.SystemInit), (8 bytes).
    Removing system_py32f0xx.o(.ARM.exidx.text.$Sub$$main), (8 bytes).
    Removing system_py32f0xx.o(.rodata.APBPrescTable), (32 bytes).
    Removing main.o(.text), (0 bytes).
    Removing main.o(.text.Display_Number), (96 bytes).
    Removing main.o(.ARM.exidx.text.Display_Number), (8 bytes).
    Removing main.o(.ARM.exidx.text.Display_Digit), (8 bytes).
    Removing main.o(.ARM.exidx.text.main), (8 bytes).
    Removing main.o(.text.APP_ErrorHandler), (2 bytes).
    Removing main.o(.ARM.exidx.text.APP_ErrorHandler), (8 bytes).
    Removing main.o(.ARM.use_no_argv), (4 bytes).
    Removing py32f0xx_hal_msp.o(.text), (0 bytes).
    Removing py32f0xx_hal_msp.o(.ARM.exidx.text.HAL_MspInit), (8 bytes).
    Removing py32f0xx_it.o(.text), (0 bytes).
    Removing py32f0xx_it.o(.ARM.exidx.text.NMI_Handler), (8 bytes).
    Removing py32f0xx_it.o(.ARM.exidx.text.HardFault_Handler), (8 bytes).
    Removing py32f0xx_it.o(.ARM.exidx.text.SVC_Handler), (8 bytes).
    Removing py32f0xx_it.o(.ARM.exidx.text.PendSV_Handler), (8 bytes).
    Removing py32f0xx_it.o(.ARM.exidx.text.SysTick_Handler), (8 bytes).
    Removing py32f030xx_start_kit.o(.text), (0 bytes).
    Removing py32f030xx_start_kit.o(.text.BSP_GetVersion), (6 bytes).
    Removing py32f030xx_start_kit.o(.ARM.exidx.text.BSP_GetVersion), (8 bytes).
    Removing py32f030xx_start_kit.o(.text.BSP_LED_Init), (72 bytes).
    Removing py32f030xx_start_kit.o(.ARM.exidx.text.BSP_LED_Init), (8 bytes).
    Removing py32f030xx_start_kit.o(.text.BSP_LED_DeInit), (36 bytes).
    Removing py32f030xx_start_kit.o(.ARM.exidx.text.BSP_LED_DeInit), (8 bytes).
    Removing py32f030xx_start_kit.o(.text.BSP_LED_On), (24 bytes).
    Removing py32f030xx_start_kit.o(.ARM.exidx.text.BSP_LED_On), (8 bytes).
    Removing py32f030xx_start_kit.o(.text.BSP_LED_Off), (24 bytes).
    Removing py32f030xx_start_kit.o(.ARM.exidx.text.BSP_LED_Off), (8 bytes).
    Removing py32f030xx_start_kit.o(.text.BSP_LED_Toggle), (24 bytes).
    Removing py32f030xx_start_kit.o(.ARM.exidx.text.BSP_LED_Toggle), (8 bytes).
    Removing py32f030xx_start_kit.o(.text.BSP_PB_Init), (116 bytes).
    Removing py32f030xx_start_kit.o(.ARM.exidx.text.BSP_PB_Init), (8 bytes).
    Removing py32f030xx_start_kit.o(.text.BSP_PB_DeInit), (32 bytes).
    Removing py32f030xx_start_kit.o(.ARM.exidx.text.BSP_PB_DeInit), (8 bytes).
    Removing py32f030xx_start_kit.o(.text.BSP_PB_GetState), (24 bytes).
    Removing py32f030xx_start_kit.o(.ARM.exidx.text.BSP_PB_GetState), (8 bytes).
    Removing py32f030xx_start_kit.o(.text.BSP_USART_Config), (164 bytes).
    Removing py32f030xx_start_kit.o(.ARM.exidx.text.BSP_USART_Config), (8 bytes).
    Removing py32f030xx_start_kit.o(.text.fputc), (32 bytes).
    Removing py32f030xx_start_kit.o(.ARM.exidx.text.fputc), (8 bytes).
    Removing py32f030xx_start_kit.o(.text.fgetc), (28 bytes).
    Removing py32f030xx_start_kit.o(.ARM.exidx.text.fgetc), (8 bytes).
    Removing py32f030xx_start_kit.o(.data.LED_PORT), (4 bytes).
    Removing py32f030xx_start_kit.o(.rodata.LED_PIN), (2 bytes).
    Removing py32f030xx_start_kit.o(.data.BUTTON_PORT), (4 bytes).
    Removing py32f030xx_start_kit.o(.rodata.BUTTON_PIN), (2 bytes).
    Removing py32f030xx_start_kit.o(.rodata.BUTTON_IRQn), (1 bytes).
    Removing py32f030xx_start_kit.o(.bss.DebugUartHandle), (76 bytes).
    Removing py32f0xx_hal_1.o(.text), (0 bytes).
    Removing py32f0xx_hal_1.o(.ARM.exidx.text.HAL_Init), (8 bytes).
    Removing py32f0xx_hal_1.o(.ARM.exidx.text.HAL_InitTick), (8 bytes).
    Removing py32f0xx_hal_1.o(.text.HAL_MspInit), (2 bytes).
    Removing py32f0xx_hal_1.o(.ARM.exidx.text.HAL_MspInit), (8 bytes).
    Removing py32f0xx_hal_1.o(.text.HAL_DeInit), (36 bytes).
    Removing py32f0xx_hal_1.o(.ARM.exidx.text.HAL_DeInit), (8 bytes).
    Removing py32f0xx_hal_1.o(.text.HAL_MspDeInit), (2 bytes).
    Removing py32f0xx_hal_1.o(.ARM.exidx.text.HAL_MspDeInit), (8 bytes).
    Removing py32f0xx_hal_1.o(.ARM.exidx.text.HAL_IncTick), (8 bytes).
    Removing py32f0xx_hal_1.o(.ARM.exidx.text.HAL_GetTick), (8 bytes).
    Removing py32f0xx_hal_1.o(.text.HAL_GetTickPrio), (12 bytes).
    Removing py32f0xx_hal_1.o(.ARM.exidx.text.HAL_GetTickPrio), (8 bytes).
    Removing py32f0xx_hal_1.o(.text.HAL_SetTickFreq), (44 bytes).
    Removing py32f0xx_hal_1.o(.ARM.exidx.text.HAL_SetTickFreq), (8 bytes).
    Removing py32f0xx_hal_1.o(.text.HAL_GetTickFreq), (12 bytes).
    Removing py32f0xx_hal_1.o(.ARM.exidx.text.HAL_GetTickFreq), (8 bytes).
    Removing py32f0xx_hal_1.o(.ARM.exidx.text.HAL_Delay), (8 bytes).
    Removing py32f0xx_hal_1.o(.text.HAL_SuspendTick), (16 bytes).
    Removing py32f0xx_hal_1.o(.ARM.exidx.text.HAL_SuspendTick), (8 bytes).
    Removing py32f0xx_hal_1.o(.text.HAL_ResumeTick), (16 bytes).
    Removing py32f0xx_hal_1.o(.ARM.exidx.text.HAL_ResumeTick), (8 bytes).
    Removing py32f0xx_hal_1.o(.text.HAL_GetHalVersion), (8 bytes).
    Removing py32f0xx_hal_1.o(.ARM.exidx.text.HAL_GetHalVersion), (8 bytes).
    Removing py32f0xx_hal_1.o(.text.HAL_GetREVID), (12 bytes).
    Removing py32f0xx_hal_1.o(.ARM.exidx.text.HAL_GetREVID), (8 bytes).
    Removing py32f0xx_hal_1.o(.text.HAL_GetDEVID), (20 bytes).
    Removing py32f0xx_hal_1.o(.ARM.exidx.text.HAL_GetDEVID), (8 bytes).
    Removing py32f0xx_hal_1.o(.text.HAL_GetUIDw0), (12 bytes).
    Removing py32f0xx_hal_1.o(.ARM.exidx.text.HAL_GetUIDw0), (8 bytes).
    Removing py32f0xx_hal_1.o(.text.HAL_GetUIDw1), (12 bytes).
    Removing py32f0xx_hal_1.o(.ARM.exidx.text.HAL_GetUIDw1), (8 bytes).
    Removing py32f0xx_hal_1.o(.text.HAL_GetUIDw2), (12 bytes).
    Removing py32f0xx_hal_1.o(.ARM.exidx.text.HAL_GetUIDw2), (8 bytes).
    Removing py32f0xx_hal_1.o(.text.HAL_DBGMCU_EnableDBGMCUStopMode), (16 bytes).
    Removing py32f0xx_hal_1.o(.ARM.exidx.text.HAL_DBGMCU_EnableDBGMCUStopMode), (8 bytes).
    Removing py32f0xx_hal_1.o(.text.HAL_DBGMCU_DisableDBGMCUStopMode), (16 bytes).
    Removing py32f0xx_hal_1.o(.ARM.exidx.text.HAL_DBGMCU_DisableDBGMCUStopMode), (8 bytes).
    Removing py32f0xx_hal_1.o(.text.HAL_SYSCFG_DMA_Req), (16 bytes).
    Removing py32f0xx_hal_1.o(.ARM.exidx.text.HAL_SYSCFG_DMA_Req), (8 bytes).
    Removing py32f0xx_hal_cortex_1.o(.text), (0 bytes).
    Removing py32f0xx_hal_cortex_1.o(.ARM.exidx.text.HAL_NVIC_SetPriority), (8 bytes).
    Removing py32f0xx_hal_cortex_1.o(.text.HAL_NVIC_EnableIRQ), (20 bytes).
    Removing py32f0xx_hal_cortex_1.o(.ARM.exidx.text.HAL_NVIC_EnableIRQ), (8 bytes).
    Removing py32f0xx_hal_cortex_1.o(.text.HAL_NVIC_DisableIRQ), (20 bytes).
    Removing py32f0xx_hal_cortex_1.o(.ARM.exidx.text.HAL_NVIC_DisableIRQ), (8 bytes).
    Removing py32f0xx_hal_cortex_1.o(.text.HAL_NVIC_SystemReset), (28 bytes).
    Removing py32f0xx_hal_cortex_1.o(.ARM.exidx.text.HAL_NVIC_SystemReset), (8 bytes).
    Removing py32f0xx_hal_cortex_1.o(.ARM.exidx.text.HAL_SYSTICK_Config), (8 bytes).
    Removing py32f0xx_hal_cortex_1.o(.text.HAL_NVIC_GetPriority), (48 bytes).
    Removing py32f0xx_hal_cortex_1.o(.ARM.exidx.text.HAL_NVIC_GetPriority), (8 bytes).
    Removing py32f0xx_hal_cortex_1.o(.text.HAL_NVIC_SetPendingIRQ), (20 bytes).
    Removing py32f0xx_hal_cortex_1.o(.ARM.exidx.text.HAL_NVIC_SetPendingIRQ), (8 bytes).
    Removing py32f0xx_hal_cortex_1.o(.text.HAL_NVIC_GetPendingIRQ), (20 bytes).
    Removing py32f0xx_hal_cortex_1.o(.ARM.exidx.text.HAL_NVIC_GetPendingIRQ), (8 bytes).
    Removing py32f0xx_hal_cortex_1.o(.text.HAL_NVIC_ClearPendingIRQ), (20 bytes).
    Removing py32f0xx_hal_cortex_1.o(.ARM.exidx.text.HAL_NVIC_ClearPendingIRQ), (8 bytes).
    Removing py32f0xx_hal_cortex_1.o(.text.HAL_SYSTICK_CLKSourceConfig), (28 bytes).
    Removing py32f0xx_hal_cortex_1.o(.ARM.exidx.text.HAL_SYSTICK_CLKSourceConfig), (8 bytes).
    Removing py32f0xx_hal_cortex_1.o(.text.HAL_SYSTICK_IRQHandler), (8 bytes).
    Removing py32f0xx_hal_cortex_1.o(.ARM.exidx.text.HAL_SYSTICK_IRQHandler), (8 bytes).
    Removing py32f0xx_hal_cortex_1.o(.text.HAL_SYSTICK_Callback), (2 bytes).
    Removing py32f0xx_hal_cortex_1.o(.ARM.exidx.text.HAL_SYSTICK_Callback), (8 bytes).
    Removing py32f0xx_hal_dma_1.o(.text), (0 bytes).
    Removing py32f0xx_hal_dma_1.o(.text.HAL_DMA_Init), (124 bytes).
    Removing py32f0xx_hal_dma_1.o(.ARM.exidx.text.HAL_DMA_Init), (8 bytes).
    Removing py32f0xx_hal_dma_1.o(.text.HAL_DMA_DeInit), (96 bytes).
    Removing py32f0xx_hal_dma_1.o(.ARM.exidx.text.HAL_DMA_DeInit), (8 bytes).
    Removing py32f0xx_hal_dma_1.o(.text.HAL_DMA_Start), (104 bytes).
    Removing py32f0xx_hal_dma_1.o(.ARM.exidx.text.HAL_DMA_Start), (8 bytes).
    Removing py32f0xx_hal_dma_1.o(.text.HAL_DMA_Start_IT), (128 bytes).
    Removing py32f0xx_hal_dma_1.o(.ARM.exidx.text.HAL_DMA_Start_IT), (8 bytes).
    Removing py32f0xx_hal_dma_1.o(.text.HAL_DMA_Abort), (58 bytes).
    Removing py32f0xx_hal_dma_1.o(.ARM.exidx.text.HAL_DMA_Abort), (8 bytes).
    Removing py32f0xx_hal_dma_1.o(.text.HAL_DMA_Abort_IT), (88 bytes).
    Removing py32f0xx_hal_dma_1.o(.ARM.exidx.text.HAL_DMA_Abort_IT), (8 bytes).
    Removing py32f0xx_hal_dma_1.o(.text.HAL_DMA_PollForTransfer), (304 bytes).
    Removing py32f0xx_hal_dma_1.o(.ARM.exidx.text.HAL_DMA_PollForTransfer), (8 bytes).
    Removing py32f0xx_hal_dma_1.o(.text.HAL_DMA_IRQHandler), (244 bytes).
    Removing py32f0xx_hal_dma_1.o(.ARM.exidx.text.HAL_DMA_IRQHandler), (8 bytes).
    Removing py32f0xx_hal_dma_1.o(.text.HAL_DMA_RegisterCallback), (48 bytes).
    Removing py32f0xx_hal_dma_1.o(.ARM.exidx.text.HAL_DMA_RegisterCallback), (8 bytes).
    Removing py32f0xx_hal_dma_1.o(.text.HAL_DMA_UnRegisterCallback), (88 bytes).
    Removing py32f0xx_hal_dma_1.o(.ARM.exidx.text.HAL_DMA_UnRegisterCallback), (8 bytes).
    Removing py32f0xx_hal_dma_1.o(.text.HAL_DMA_ChannelMap), (72 bytes).
    Removing py32f0xx_hal_dma_1.o(.ARM.exidx.text.HAL_DMA_ChannelMap), (8 bytes).
    Removing py32f0xx_hal_dma_1.o(.text.HAL_DMA_GetState), (6 bytes).
    Removing py32f0xx_hal_dma_1.o(.ARM.exidx.text.HAL_DMA_GetState), (8 bytes).
    Removing py32f0xx_hal_dma_1.o(.text.HAL_DMA_GetError), (4 bytes).
    Removing py32f0xx_hal_dma_1.o(.ARM.exidx.text.HAL_DMA_GetError), (8 bytes).
    Removing py32f0xx_hal_flash_1.o(.text), (0 bytes).
    Removing py32f0xx_hal_flash_1.o(.text.HAL_FLASH_Unlock), (40 bytes).
    Removing py32f0xx_hal_flash_1.o(.ARM.exidx.text.HAL_FLASH_Unlock), (8 bytes).
    Removing py32f0xx_hal_flash_1.o(.text.HAL_FLASH_Lock), (24 bytes).
    Removing py32f0xx_hal_flash_1.o(.ARM.exidx.text.HAL_FLASH_Lock), (8 bytes).
    Removing py32f0xx_hal_flash_1.o(.text.HAL_FLASH_OB_Unlock), (40 bytes).
    Removing py32f0xx_hal_flash_1.o(.ARM.exidx.text.HAL_FLASH_OB_Unlock), (8 bytes).
    Removing py32f0xx_hal_flash_1.o(.text.HAL_FLASH_OB_Lock), (28 bytes).
    Removing py32f0xx_hal_flash_1.o(.ARM.exidx.text.HAL_FLASH_OB_Lock), (8 bytes).
    Removing py32f0xx_hal_flash_1.o(.text.HAL_FLASH_OB_Launch), (20 bytes).
    Removing py32f0xx_hal_flash_1.o(.ARM.exidx.text.HAL_FLASH_OB_Launch), (8 bytes).
    Removing py32f0xx_hal_flash_1.o(.text.HAL_FLASH_GetError), (12 bytes).
    Removing py32f0xx_hal_flash_1.o(.ARM.exidx.text.HAL_FLASH_GetError), (8 bytes).
    Removing py32f0xx_hal_flash_1.o(.text.FLASH_WaitForLastOperation), (48 bytes).
    Removing py32f0xx_hal_flash_1.o(.ARM.exidx.text.FLASH_WaitForLastOperation), (8 bytes).
    Removing py32f0xx_hal_flash_1.o(.text.HAL_FLASH_Erase), (712 bytes).
    Removing py32f0xx_hal_flash_1.o(.ARM.exidx.text.HAL_FLASH_Erase), (8 bytes).
    Removing py32f0xx_hal_flash_1.o(.text.HAL_FLASH_Erase_IT), (400 bytes).
    Removing py32f0xx_hal_flash_1.o(.ARM.exidx.text.HAL_FLASH_Erase_IT), (8 bytes).
    Removing py32f0xx_hal_flash_1.o(.text.HAL_FLASH_PageProgram), (12 bytes).
    Removing py32f0xx_hal_flash_1.o(.ARM.exidx.text.HAL_FLASH_PageProgram), (8 bytes).
    Removing py32f0xx_hal_flash_1.o(.text.HAL_FLASH_Program), (412 bytes).
    Removing py32f0xx_hal_flash_1.o(.ARM.exidx.text.HAL_FLASH_Program), (8 bytes).
    Removing py32f0xx_hal_flash_1.o(.text.HAL_FLASH_PageProgram_IT), (14 bytes).
    Removing py32f0xx_hal_flash_1.o(.ARM.exidx.text.HAL_FLASH_PageProgram_IT), (8 bytes).
    Removing py32f0xx_hal_flash_1.o(.text.HAL_FLASH_Program_IT), (380 bytes).
    Removing py32f0xx_hal_flash_1.o(.ARM.exidx.text.HAL_FLASH_Program_IT), (8 bytes).
    Removing py32f0xx_hal_flash_1.o(.text.HAL_FLASH_OB_RDP_LevelConfig), (168 bytes).
    Removing py32f0xx_hal_flash_1.o(.ARM.exidx.text.HAL_FLASH_OB_RDP_LevelConfig), (8 bytes).
    Removing py32f0xx_hal_flash_1.o(.text.HAL_FLASH_OBProgram), (424 bytes).
    Removing py32f0xx_hal_flash_1.o(.ARM.exidx.text.HAL_FLASH_OBProgram), (8 bytes).
    Removing py32f0xx_hal_flash_1.o(.text.HAL_FLASH_OBGetConfig), (68 bytes).
    Removing py32f0xx_hal_flash_1.o(.ARM.exidx.text.HAL_FLASH_OBGetConfig), (8 bytes).
    Removing py32f0xx_hal_flash_1.o(.text.HAL_FLASH_IRQHandler), (212 bytes).
    Removing py32f0xx_hal_flash_1.o(.ARM.exidx.text.HAL_FLASH_IRQHandler), (8 bytes).
    Removing py32f0xx_hal_flash_1.o(.text.HAL_FLASH_OperationErrorCallback), (2 bytes).
    Removing py32f0xx_hal_flash_1.o(.ARM.exidx.text.HAL_FLASH_OperationErrorCallback), (8 bytes).
    Removing py32f0xx_hal_flash_1.o(.text.HAL_FLASH_EndOfOperationCallback), (2 bytes).
    Removing py32f0xx_hal_flash_1.o(.ARM.exidx.text.HAL_FLASH_EndOfOperationCallback), (8 bytes).
    Removing py32f0xx_hal_flash_1.o(.bss.pFlash), (24 bytes).
    Removing py32f0xx_hal_flash_1.o(.rodata._FlashTimmingParam), (32 bytes).
    Removing py32f0xx_hal_gpio_1.o(.text), (0 bytes).
    Removing py32f0xx_hal_gpio_1.o(.ARM.exidx.text.HAL_GPIO_Init), (8 bytes).
    Removing py32f0xx_hal_gpio_1.o(.text.HAL_GPIO_DeInit), (244 bytes).
    Removing py32f0xx_hal_gpio_1.o(.ARM.exidx.text.HAL_GPIO_DeInit), (8 bytes).
    Removing py32f0xx_hal_gpio_1.o(.text.HAL_GPIO_ReadPin), (10 bytes).
    Removing py32f0xx_hal_gpio_1.o(.ARM.exidx.text.HAL_GPIO_ReadPin), (8 bytes).
    Removing py32f0xx_hal_gpio_1.o(.ARM.exidx.text.HAL_GPIO_WritePin), (8 bytes).
    Removing py32f0xx_hal_gpio_1.o(.text.HAL_GPIO_TogglePin), (18 bytes).
    Removing py32f0xx_hal_gpio_1.o(.ARM.exidx.text.HAL_GPIO_TogglePin), (8 bytes).
    Removing py32f0xx_hal_gpio_1.o(.text.HAL_GPIO_LockPin), (44 bytes).
    Removing py32f0xx_hal_gpio_1.o(.ARM.exidx.text.HAL_GPIO_LockPin), (8 bytes).
    Removing py32f0xx_hal_gpio_1.o(.text.HAL_GPIO_EXTI_Callback), (2 bytes).
    Removing py32f0xx_hal_gpio_1.o(.ARM.exidx.text.HAL_GPIO_EXTI_Callback), (8 bytes).
    Removing py32f0xx_hal_gpio_1.o(.text.HAL_GPIO_EXTI_IRQHandler), (24 bytes).
    Removing py32f0xx_hal_gpio_1.o(.ARM.exidx.text.HAL_GPIO_EXTI_IRQHandler), (8 bytes).
    Removing py32f0xx_hal_pwr_1.o(.text), (0 bytes).
    Removing py32f0xx_hal_pwr_1.o(.text.HAL_PWR_DeInit), (24 bytes).
    Removing py32f0xx_hal_pwr_1.o(.ARM.exidx.text.HAL_PWR_DeInit), (8 bytes).
    Removing py32f0xx_hal_pwr_1.o(.text.HAL_PWR_EnableBkUpAccess), (20 bytes).
    Removing py32f0xx_hal_pwr_1.o(.ARM.exidx.text.HAL_PWR_EnableBkUpAccess), (8 bytes).
    Removing py32f0xx_hal_pwr_1.o(.text.HAL_PWR_DisableBkUpAccess), (20 bytes).
    Removing py32f0xx_hal_pwr_1.o(.ARM.exidx.text.HAL_PWR_DisableBkUpAccess), (8 bytes).
    Removing py32f0xx_hal_pwr_1.o(.text.HAL_PWR_ConfigPVD), (140 bytes).
    Removing py32f0xx_hal_pwr_1.o(.ARM.exidx.text.HAL_PWR_ConfigPVD), (8 bytes).
    Removing py32f0xx_hal_pwr_1.o(.text.HAL_PWR_EnablePVD), (16 bytes).
    Removing py32f0xx_hal_pwr_1.o(.ARM.exidx.text.HAL_PWR_EnablePVD), (8 bytes).
    Removing py32f0xx_hal_pwr_1.o(.text.HAL_PWR_DisablePVD), (16 bytes).
    Removing py32f0xx_hal_pwr_1.o(.ARM.exidx.text.HAL_PWR_DisablePVD), (8 bytes).
    Removing py32f0xx_hal_pwr_1.o(.text.HAL_PWR_ConfigStopMode), (40 bytes).
    Removing py32f0xx_hal_pwr_1.o(.ARM.exidx.text.HAL_PWR_ConfigStopMode), (8 bytes).
    Removing py32f0xx_hal_pwr_1.o(.text.HAL_PWR_ConfigBIAS), (40 bytes).
    Removing py32f0xx_hal_pwr_1.o(.ARM.exidx.text.HAL_PWR_ConfigBIAS), (8 bytes).
    Removing py32f0xx_hal_pwr_1.o(.text.HAL_PWR_EnterSLEEPMode), (32 bytes).
    Removing py32f0xx_hal_pwr_1.o(.ARM.exidx.text.HAL_PWR_EnterSLEEPMode), (8 bytes).
    Removing py32f0xx_hal_pwr_1.o(.text.HAL_PWR_EnterSTOPMode), (64 bytes).
    Removing py32f0xx_hal_pwr_1.o(.ARM.exidx.text.HAL_PWR_EnterSTOPMode), (8 bytes).
    Removing py32f0xx_hal_pwr_1.o(.text.HAL_PWR_EnableSleepOnExit), (16 bytes).
    Removing py32f0xx_hal_pwr_1.o(.ARM.exidx.text.HAL_PWR_EnableSleepOnExit), (8 bytes).
    Removing py32f0xx_hal_pwr_1.o(.text.HAL_PWR_DisableSleepOnExit), (16 bytes).
    Removing py32f0xx_hal_pwr_1.o(.ARM.exidx.text.HAL_PWR_DisableSleepOnExit), (8 bytes).
    Removing py32f0xx_hal_pwr_1.o(.text.HAL_PWR_EnableSEVOnPend), (16 bytes).
    Removing py32f0xx_hal_pwr_1.o(.ARM.exidx.text.HAL_PWR_EnableSEVOnPend), (8 bytes).
    Removing py32f0xx_hal_pwr_1.o(.text.HAL_PWR_DisableSEVOnPend), (16 bytes).
    Removing py32f0xx_hal_pwr_1.o(.ARM.exidx.text.HAL_PWR_DisableSEVOnPend), (8 bytes).
    Removing py32f0xx_hal_pwr_1.o(.text.HAL_PWR_PVD_IRQHandler), (28 bytes).
    Removing py32f0xx_hal_pwr_1.o(.ARM.exidx.text.HAL_PWR_PVD_IRQHandler), (8 bytes).
    Removing py32f0xx_hal_pwr_1.o(.text.HAL_PWR_PVD_Callback), (2 bytes).
    Removing py32f0xx_hal_pwr_1.o(.ARM.exidx.text.HAL_PWR_PVD_Callback), (8 bytes).
    Removing py32f0xx_hal_rcc_1.o(.text), (0 bytes).
    Removing py32f0xx_hal_rcc_1.o(.text.HAL_RCC_DeInit), (168 bytes).
    Removing py32f0xx_hal_rcc_1.o(.ARM.exidx.text.HAL_RCC_DeInit), (8 bytes).
    Removing py32f0xx_hal_rcc_1.o(.ARM.exidx.text.HAL_RCC_OscConfig), (8 bytes).
    Removing py32f0xx_hal_rcc_1.o(.ARM.exidx.text.HAL_RCC_GetSysClockFreq), (8 bytes).
    Removing py32f0xx_hal_rcc_1.o(.ARM.exidx.text.HAL_RCC_ClockConfig), (8 bytes).
    Removing py32f0xx_hal_rcc_1.o(.text.HAL_RCC_MCOConfig), (228 bytes).
    Removing py32f0xx_hal_rcc_1.o(.ARM.exidx.text.HAL_RCC_MCOConfig), (8 bytes).
    Removing py32f0xx_hal_rcc_1.o(.text.HAL_RCC_GetHCLKFreq), (12 bytes).
    Removing py32f0xx_hal_rcc_1.o(.ARM.exidx.text.HAL_RCC_GetHCLKFreq), (8 bytes).
    Removing py32f0xx_hal_rcc_1.o(.text.HAL_RCC_GetPCLK1Freq), (40 bytes).
    Removing py32f0xx_hal_rcc_1.o(.ARM.exidx.text.HAL_RCC_GetPCLK1Freq), (8 bytes).
    Removing py32f0xx_hal_rcc_1.o(.text.HAL_RCC_GetOscConfig), (132 bytes).
    Removing py32f0xx_hal_rcc_1.o(.ARM.exidx.text.HAL_RCC_GetOscConfig), (8 bytes).
    Removing py32f0xx_hal_rcc_1.o(.text.HAL_RCC_GetClockConfig), (52 bytes).
    Removing py32f0xx_hal_rcc_1.o(.ARM.exidx.text.HAL_RCC_GetClockConfig), (8 bytes).
    Removing py32f0xx_hal_rcc_1.o(.text.HAL_RCC_EnableCSS), (20 bytes).
    Removing py32f0xx_hal_rcc_1.o(.ARM.exidx.text.HAL_RCC_EnableCSS), (8 bytes).
    Removing py32f0xx_hal_rcc_1.o(.text.HAL_RCC_EnableLSECSS), (16 bytes).
    Removing py32f0xx_hal_rcc_1.o(.ARM.exidx.text.HAL_RCC_EnableLSECSS), (8 bytes).
    Removing py32f0xx_hal_rcc_1.o(.text.HAL_RCC_DisableLSECSS), (16 bytes).
    Removing py32f0xx_hal_rcc_1.o(.ARM.exidx.text.HAL_RCC_DisableLSECSS), (8 bytes).
    Removing py32f0xx_hal_rcc_1.o(.text.HAL_RCC_NMI_IRQHandler), (44 bytes).
    Removing py32f0xx_hal_rcc_1.o(.ARM.exidx.text.HAL_RCC_NMI_IRQHandler), (8 bytes).
    Removing py32f0xx_hal_rcc_1.o(.text.HAL_RCC_CSSCallback), (2 bytes).
    Removing py32f0xx_hal_rcc_1.o(.ARM.exidx.text.HAL_RCC_CSSCallback), (8 bytes).
    Removing py32f0xx_hal_rcc_1.o(.text.HAL_RCC_LSECSSCallback), (2 bytes).
    Removing py32f0xx_hal_rcc_1.o(.ARM.exidx.text.HAL_RCC_LSECSSCallback), (8 bytes).
    Removing py32f0xx_hal_rcc_ex_1.o(.text), (0 bytes).
    Removing py32f0xx_hal_rcc_ex_1.o(.text.HAL_RCCEx_PeriphCLKConfig), (328 bytes).
    Removing py32f0xx_hal_rcc_ex_1.o(.ARM.exidx.text.HAL_RCCEx_PeriphCLKConfig), (8 bytes).
    Removing py32f0xx_hal_rcc_ex_1.o(.text.HAL_RCCEx_GetPeriphCLKConfig), (64 bytes).
    Removing py32f0xx_hal_rcc_ex_1.o(.ARM.exidx.text.HAL_RCCEx_GetPeriphCLKConfig), (8 bytes).
    Removing py32f0xx_hal_rcc_ex_1.o(.text.HAL_RCCEx_GetPeriphCLKFreq), (260 bytes).
    Removing py32f0xx_hal_rcc_ex_1.o(.ARM.exidx.text.HAL_RCCEx_GetPeriphCLKFreq), (8 bytes).
    Removing py32f0xx_hal_rcc_ex_1.o(.text.HAL_RCCEx_EnableLSCO), (168 bytes).
    Removing py32f0xx_hal_rcc_ex_1.o(.ARM.exidx.text.HAL_RCCEx_EnableLSCO), (8 bytes).
    Removing py32f0xx_hal_rcc_ex_1.o(.text.HAL_RCCEx_DisableLSCO), (92 bytes).
    Removing py32f0xx_hal_rcc_ex_1.o(.ARM.exidx.text.HAL_RCCEx_DisableLSCO), (8 bytes).
    Removing py32f0xx_hal_uart_1.o(.text), (0 bytes).
    Removing py32f0xx_hal_uart_1.o(.text.HAL_UART_Init), (138 bytes).
    Removing py32f0xx_hal_uart_1.o(.ARM.exidx.text.HAL_UART_Init), (8 bytes).
    Removing py32f0xx_hal_uart_1.o(.text.HAL_UART_MspInit), (2 bytes).
    Removing py32f0xx_hal_uart_1.o(.ARM.exidx.text.HAL_UART_MspInit), (8 bytes).
    Removing py32f0xx_hal_uart_1.o(.text.UART_SetConfig), (200 bytes).
    Removing py32f0xx_hal_uart_1.o(.ARM.exidx.text.UART_SetConfig), (8 bytes).
    Removing py32f0xx_hal_uart_1.o(.text.HAL_HalfDuplex_Init), (96 bytes).
    Removing py32f0xx_hal_uart_1.o(.ARM.exidx.text.HAL_HalfDuplex_Init), (8 bytes).
    Removing py32f0xx_hal_uart_1.o(.text.HAL_MultiProcessor_Init), (132 bytes).
    Removing py32f0xx_hal_uart_1.o(.ARM.exidx.text.HAL_MultiProcessor_Init), (8 bytes).
    Removing py32f0xx_hal_uart_1.o(.text.HAL_UART_DeInit), (48 bytes).
    Removing py32f0xx_hal_uart_1.o(.ARM.exidx.text.HAL_UART_DeInit), (8 bytes).
    Removing py32f0xx_hal_uart_1.o(.text.HAL_UART_MspDeInit), (2 bytes).
    Removing py32f0xx_hal_uart_1.o(.ARM.exidx.text.HAL_UART_MspDeInit), (8 bytes).
    Removing py32f0xx_hal_uart_1.o(.text.HAL_UART_Transmit), (312 bytes).
    Removing py32f0xx_hal_uart_1.o(.ARM.exidx.text.HAL_UART_Transmit), (8 bytes).
    Removing py32f0xx_hal_uart_1.o(.text.HAL_UART_Receive), (272 bytes).
    Removing py32f0xx_hal_uart_1.o(.ARM.exidx.text.HAL_UART_Receive), (8 bytes).
    Removing py32f0xx_hal_uart_1.o(.text.HAL_UART_Transmit_IT), (66 bytes).
    Removing py32f0xx_hal_uart_1.o(.ARM.exidx.text.HAL_UART_Transmit_IT), (8 bytes).
    Removing py32f0xx_hal_uart_1.o(.text.HAL_UART_Receive_IT), (98 bytes).
    Removing py32f0xx_hal_uart_1.o(.ARM.exidx.text.HAL_UART_Receive_IT), (8 bytes).
    Removing py32f0xx_hal_uart_1.o(.text.HAL_UART_Transmit_DMA), (124 bytes).
    Removing py32f0xx_hal_uart_1.o(.ARM.exidx.text.HAL_UART_Transmit_DMA), (8 bytes).
    Removing py32f0xx_hal_uart_1.o(.text.UART_DMATransmitCplt), (44 bytes).
    Removing py32f0xx_hal_uart_1.o(.ARM.exidx.text.UART_DMATransmitCplt), (8 bytes).
    Removing py32f0xx_hal_uart_1.o(.text.UART_DMATxHalfCplt), (10 bytes).
    Removing py32f0xx_hal_uart_1.o(.ARM.exidx.text.UART_DMATxHalfCplt), (8 bytes).
    Removing py32f0xx_hal_uart_1.o(.text.UART_DMAError), (96 bytes).
    Removing py32f0xx_hal_uart_1.o(.ARM.exidx.text.UART_DMAError), (8 bytes).
    Removing py32f0xx_hal_uart_1.o(.text.HAL_UART_Receive_DMA), (168 bytes).
    Removing py32f0xx_hal_uart_1.o(.ARM.exidx.text.HAL_UART_Receive_DMA), (8 bytes).
    Removing py32f0xx_hal_uart_1.o(.text.UART_DMAReceiveCplt), (56 bytes).
    Removing py32f0xx_hal_uart_1.o(.ARM.exidx.text.UART_DMAReceiveCplt), (8 bytes).
    Removing py32f0xx_hal_uart_1.o(.text.UART_DMARxHalfCplt), (10 bytes).
    Removing py32f0xx_hal_uart_1.o(.ARM.exidx.text.UART_DMARxHalfCplt), (8 bytes).
    Removing py32f0xx_hal_uart_1.o(.text.HAL_UART_DMAPause), (84 bytes).
    Removing py32f0xx_hal_uart_1.o(.ARM.exidx.text.HAL_UART_DMAPause), (8 bytes).
    Removing py32f0xx_hal_uart_1.o(.text.HAL_UART_DMAResume), (94 bytes).
    Removing py32f0xx_hal_uart_1.o(.ARM.exidx.text.HAL_UART_DMAResume), (8 bytes).
    Removing py32f0xx_hal_uart_1.o(.text.HAL_UART_DMAStop), (116 bytes).
    Removing py32f0xx_hal_uart_1.o(.ARM.exidx.text.HAL_UART_DMAStop), (8 bytes).
    Removing py32f0xx_hal_uart_1.o(.text.HAL_UART_Abort), (138 bytes).
    Removing py32f0xx_hal_uart_1.o(.ARM.exidx.text.HAL_UART_Abort), (8 bytes).
    Removing py32f0xx_hal_uart_1.o(.text.HAL_UART_AbortTransmit), (76 bytes).
    Removing py32f0xx_hal_uart_1.o(.ARM.exidx.text.HAL_UART_AbortTransmit), (8 bytes).
    Removing py32f0xx_hal_uart_1.o(.text.HAL_UART_AbortReceive), (86 bytes).
    Removing py32f0xx_hal_uart_1.o(.ARM.exidx.text.HAL_UART_AbortReceive), (8 bytes).
    Removing py32f0xx_hal_uart_1.o(.text.HAL_UART_Abort_IT), (184 bytes).
    Removing py32f0xx_hal_uart_1.o(.ARM.exidx.text.HAL_UART_Abort_IT), (8 bytes).
    Removing py32f0xx_hal_uart_1.o(.text.UART_DMATxAbortCallback), (46 bytes).
    Removing py32f0xx_hal_uart_1.o(.ARM.exidx.text.UART_DMATxAbortCallback), (8 bytes).
    Removing py32f0xx_hal_uart_1.o(.text.UART_DMARxAbortCallback), (46 bytes).
    Removing py32f0xx_hal_uart_1.o(.ARM.exidx.text.UART_DMARxAbortCallback), (8 bytes).
    Removing py32f0xx_hal_uart_1.o(.text.HAL_UART_AbortCpltCallback), (2 bytes).
    Removing py32f0xx_hal_uart_1.o(.ARM.exidx.text.HAL_UART_AbortCpltCallback), (8 bytes).
    Removing py32f0xx_hal_uart_1.o(.text.HAL_UART_AbortTransmit_IT), (80 bytes).
    Removing py32f0xx_hal_uart_1.o(.ARM.exidx.text.HAL_UART_AbortTransmit_IT), (8 bytes).
    Removing py32f0xx_hal_uart_1.o(.text.UART_DMATxOnlyAbortCallback), (20 bytes).
    Removing py32f0xx_hal_uart_1.o(.ARM.exidx.text.UART_DMATxOnlyAbortCallback), (8 bytes).
    Removing py32f0xx_hal_uart_1.o(.text.HAL_UART_AbortTransmitCpltCallback), (2 bytes).
    Removing py32f0xx_hal_uart_1.o(.ARM.exidx.text.HAL_UART_AbortTransmitCpltCallback), (8 bytes).
    Removing py32f0xx_hal_uart_1.o(.text.HAL_UART_AbortReceive_IT), (92 bytes).
    Removing py32f0xx_hal_uart_1.o(.ARM.exidx.text.HAL_UART_AbortReceive_IT), (8 bytes).
    Removing py32f0xx_hal_uart_1.o(.text.UART_DMARxOnlyAbortCallback), (20 bytes).
    Removing py32f0xx_hal_uart_1.o(.ARM.exidx.text.UART_DMARxOnlyAbortCallback), (8 bytes).
    Removing py32f0xx_hal_uart_1.o(.text.HAL_UART_AbortReceiveCpltCallback), (2 bytes).
    Removing py32f0xx_hal_uart_1.o(.ARM.exidx.text.HAL_UART_AbortReceiveCpltCallback), (8 bytes).
    Removing py32f0xx_hal_uart_1.o(.text.HAL_UART_IRQHandler), (696 bytes).
    Removing py32f0xx_hal_uart_1.o(.ARM.exidx.text.HAL_UART_IRQHandler), (8 bytes).
    Removing py32f0xx_hal_uart_1.o(.text.UART_DMAAbortOnError), (16 bytes).
    Removing py32f0xx_hal_uart_1.o(.ARM.exidx.text.UART_DMAAbortOnError), (8 bytes).
    Removing py32f0xx_hal_uart_1.o(.text.HAL_UART_ErrorCallback), (2 bytes).
    Removing py32f0xx_hal_uart_1.o(.ARM.exidx.text.HAL_UART_ErrorCallback), (8 bytes).
    Removing py32f0xx_hal_uart_1.o(.text.HAL_UART_IdleFrameDetectCpltCallback), (2 bytes).
    Removing py32f0xx_hal_uart_1.o(.ARM.exidx.text.HAL_UART_IdleFrameDetectCpltCallback), (8 bytes).
    Removing py32f0xx_hal_uart_1.o(.text.HAL_UART_TxCpltCallback), (2 bytes).
    Removing py32f0xx_hal_uart_1.o(.ARM.exidx.text.HAL_UART_TxCpltCallback), (8 bytes).
    Removing py32f0xx_hal_uart_1.o(.text.HAL_UART_TxHalfCpltCallback), (2 bytes).
    Removing py32f0xx_hal_uart_1.o(.ARM.exidx.text.HAL_UART_TxHalfCpltCallback), (8 bytes).
    Removing py32f0xx_hal_uart_1.o(.text.HAL_UART_RxCpltCallback), (2 bytes).
    Removing py32f0xx_hal_uart_1.o(.ARM.exidx.text.HAL_UART_RxCpltCallback), (8 bytes).
    Removing py32f0xx_hal_uart_1.o(.text.HAL_UART_RxHalfCpltCallback), (2 bytes).
    Removing py32f0xx_hal_uart_1.o(.ARM.exidx.text.HAL_UART_RxHalfCpltCallback), (8 bytes).
    Removing py32f0xx_hal_uart_1.o(.text.HAL_UART_SendBreak), (40 bytes).
    Removing py32f0xx_hal_uart_1.o(.ARM.exidx.text.HAL_UART_SendBreak), (8 bytes).
    Removing py32f0xx_hal_uart_1.o(.text.HAL_MultiProcessor_EnterMuteMode), (40 bytes).
    Removing py32f0xx_hal_uart_1.o(.ARM.exidx.text.HAL_MultiProcessor_EnterMuteMode), (8 bytes).
    Removing py32f0xx_hal_uart_1.o(.text.HAL_MultiProcessor_ExitMuteMode), (40 bytes).
    Removing py32f0xx_hal_uart_1.o(.ARM.exidx.text.HAL_MultiProcessor_ExitMuteMode), (8 bytes).
    Removing py32f0xx_hal_uart_1.o(.text.HAL_HalfDuplex_EnableTransmitter), (44 bytes).
    Removing py32f0xx_hal_uart_1.o(.ARM.exidx.text.HAL_HalfDuplex_EnableTransmitter), (8 bytes).
    Removing py32f0xx_hal_uart_1.o(.text.HAL_HalfDuplex_EnableReceiver), (44 bytes).
    Removing py32f0xx_hal_uart_1.o(.ARM.exidx.text.HAL_HalfDuplex_EnableReceiver), (8 bytes).
    Removing py32f0xx_hal_uart_1.o(.text.HAL_UART_GetState), (14 bytes).
    Removing py32f0xx_hal_uart_1.o(.ARM.exidx.text.HAL_UART_GetState), (8 bytes).
    Removing py32f0xx_hal_uart_1.o(.text.HAL_UART_GetError), (4 bytes).
    Removing py32f0xx_hal_uart_1.o(.ARM.exidx.text.HAL_UART_GetError), (8 bytes).

371 unused section(s) (total 13725 bytes) removed from the image.

==============================================================================

Image Symbol Table

    Local Symbols

    Symbol Name                              Value     Ov Type        Size  Object(Section)

    ../clib/division.s                       0x00000000   Number         0  aeabi_sdivfast.o ABSOLUTE
    ../clib/division.s                       0x00000000   Number         0  aeabi_sdivfast_div0.o ABSOLUTE
    ../clib/microlib/division.c              0x00000000   Number         0  uidiv.o ABSOLUTE
    ../clib/microlib/division.c              0x00000000   Number         0  uidiv_div0.o ABSOLUTE
    ../clib/microlib/division.c              0x00000000   Number         0  idiv_div0.o ABSOLUTE
    ../clib/microlib/division.c              0x00000000   Number         0  idiv0.o ABSOLUTE
    ../clib/microlib/init/entry.s            0x00000000   Number         0  entry.o ABSOLUTE
    ../clib/microlib/init/entry.s            0x00000000   Number         0  entry2.o ABSOLUTE
    ../clib/microlib/init/entry.s            0x00000000   Number         0  entry5.o ABSOLUTE
    ../clib/microlib/init/entry.s            0x00000000   Number         0  entry7a.o ABSOLUTE
    ../clib/microlib/init/entry.s            0x00000000   Number         0  entry7b.o ABSOLUTE
    ../clib/microlib/init/entry.s            0x00000000   Number         0  entry8a.o ABSOLUTE
    ../clib/microlib/init/entry.s            0x00000000   Number         0  entry8b.o ABSOLUTE
    ../clib/microlib/init/entry.s            0x00000000   Number         0  entry9a.o ABSOLUTE
    ../clib/microlib/init/entry.s            0x00000000   Number         0  entry9b.o ABSOLUTE
    ../clib/microlib/init/entry.s            0x00000000   Number         0  entry10a.o ABSOLUTE
    ../clib/microlib/init/entry.s            0x00000000   Number         0  entry10b.o ABSOLUTE
    ../clib/microlib/init/entry.s            0x00000000   Number         0  entry11a.o ABSOLUTE
    ../clib/microlib/init/entry.s            0x00000000   Number         0  entry11b.o ABSOLUTE
    ../clib/microlib/string/memset.c         0x00000000   Number         0  memseta.o ABSOLUTE
    dc.s                                     0x00000000   Number         0  dc.o ABSOLUTE
    handlers.s                               0x00000000   Number         0  handlers.o ABSOLUTE
    init.s                                   0x00000000   Number         0  init.o ABSOLUTE
    main.c                                   0x00000000   Number         0  main.o ABSOLUTE
    py32f030xx_Start_Kit.c                   0x00000000   Number         0  py32f030xx_start_kit.o ABSOLUTE
    py32f0xx_hal.c                           0x00000000   Number         0  py32f0xx_hal_1.o ABSOLUTE
    py32f0xx_hal_cortex.c                    0x00000000   Number         0  py32f0xx_hal_cortex_1.o ABSOLUTE
    py32f0xx_hal_dma.c                       0x00000000   Number         0  py32f0xx_hal_dma_1.o ABSOLUTE
    py32f0xx_hal_flash.c                     0x00000000   Number         0  py32f0xx_hal_flash_1.o ABSOLUTE
    py32f0xx_hal_gpio.c                      0x00000000   Number         0  py32f0xx_hal_gpio_1.o ABSOLUTE
    py32f0xx_hal_msp.c                       0x00000000   Number         0  py32f0xx_hal_msp.o ABSOLUTE
    py32f0xx_hal_pwr.c                       0x00000000   Number         0  py32f0xx_hal_pwr_1.o ABSOLUTE
    py32f0xx_hal_rcc.c                       0x00000000   Number         0  py32f0xx_hal_rcc_1.o ABSOLUTE
    py32f0xx_hal_rcc_ex.c                    0x00000000   Number         0  py32f0xx_hal_rcc_ex_1.o ABSOLUTE
    py32f0xx_hal_uart.c                      0x00000000   Number         0  py32f0xx_hal_uart_1.o ABSOLUTE
    py32f0xx_it.c                            0x00000000   Number         0  py32f0xx_it.o ABSOLUTE
    startup_py32f030xx.s                     0x00000000   Number         0  startup_py32f030xx.o ABSOLUTE
    system_py32f0xx.c                        0x00000000   Number         0  system_py32f0xx.o ABSOLUTE
    RESET                                    0x08000000   Section      192  startup_py32f030xx.o(RESET)
    .ARM.Collect$$$$00000000                 0x080000c0   Section        0  entry.o(.ARM.Collect$$$$00000000)
    .ARM.Collect$$$$00000001                 0x080000c0   Section        4  entry2.o(.ARM.Collect$$$$00000001)
    .ARM.Collect$$$$00000004                 0x080000c4   Section        4  entry5.o(.ARM.Collect$$$$00000004)
    .ARM.Collect$$$$00000008                 0x080000c8   Section        0  entry7b.o(.ARM.Collect$$$$00000008)
    .ARM.Collect$$$$0000000A                 0x080000c8   Section        0  entry8b.o(.ARM.Collect$$$$0000000A)
    .ARM.Collect$$$$0000000B                 0x080000c8   Section        8  entry9a.o(.ARM.Collect$$$$0000000B)
    __lit__00000000                          0x080000d0   Data           4  entry2.o(.ARM.Collect$$$$00002712)
    .ARM.Collect$$$$0000000D                 0x080000d0   Section        0  entry10a.o(.ARM.Collect$$$$0000000D)
    .ARM.Collect$$$$0000000F                 0x080000d0   Section        0  entry11a.o(.ARM.Collect$$$$0000000F)
    .ARM.Collect$$$$00002712                 0x080000d0   Section        4  entry2.o(.ARM.Collect$$$$00002712)
    .text                                    0x080000d4   Section       28  startup_py32f030xx.o(.text)
    .text                                    0x080000f0   Section        0  memseta.o(.text)
    .text                                    0x08000114   Section        0  uidiv_div0.o(.text)
    .text                                    0x08000154   Section       48  init.o(.text)
    [Anonymous Symbol]                       0x08000184   Section        0  system_py32f0xx.o(.text.$Sub$$main)
    __arm_cp.2_0                             0x080001a8   Number         4  system_py32f0xx.o(.text.$Sub$$main)
    __arm_cp.2_1                             0x080001ac   Number         4  system_py32f0xx.o(.text.$Sub$$main)
    [Anonymous Symbol]                       0x080001b0   Section        0  main.o(.text.Display_Digit)
    __arm_cp.1_0                             0x0800025c   Number         4  main.o(.text.Display_Digit)
    __arm_cp.1_1                             0x08000260   Number         4  main.o(.text.Display_Digit)
    [Anonymous Symbol]                       0x08000264   Section        0  py32f0xx_hal_1.o(.text.HAL_Delay)
    [Anonymous Symbol]                       0x08000284   Section        0  py32f0xx_hal_gpio_1.o(.text.HAL_GPIO_Init)
    __arm_cp.0_0                             0x080003ec   Number         4  py32f0xx_hal_gpio_1.o(.text.HAL_GPIO_Init)
    __arm_cp.0_1                             0x080003f0   Number         4  py32f0xx_hal_gpio_1.o(.text.HAL_GPIO_Init)
    __arm_cp.0_2                             0x080003f4   Number         4  py32f0xx_hal_gpio_1.o(.text.HAL_GPIO_Init)
    __arm_cp.0_3                             0x080003f8   Number         4  py32f0xx_hal_gpio_1.o(.text.HAL_GPIO_Init)
    [Anonymous Symbol]                       0x080003fc   Section        0  py32f0xx_hal_gpio_1.o(.text.HAL_GPIO_WritePin)
    [Anonymous Symbol]                       0x0800040c   Section        0  py32f0xx_hal_1.o(.text.HAL_GetTick)
    [Anonymous Symbol]                       0x08000414   Section        0  py32f0xx_hal_1.o(.text.HAL_IncTick)
    __arm_cp.5_1                             0x08000424   Number         4  py32f0xx_hal_1.o(.text.HAL_IncTick)
    [Anonymous Symbol]                       0x08000428   Section        0  py32f0xx_hal_1.o(.text.HAL_Init)
    [Anonymous Symbol]                       0x08000440   Section        0  py32f0xx_hal_1.o(.text.HAL_InitTick)
    __arm_cp.1_0                             0x08000480   Number         4  py32f0xx_hal_1.o(.text.HAL_InitTick)
    [Anonymous Symbol]                       0x08000484   Section        0  py32f0xx_hal_msp.o(.text.HAL_MspInit)
    [Anonymous Symbol]                       0x08000488   Section        0  py32f0xx_hal_cortex_1.o(.text.HAL_NVIC_SetPriority)
    __arm_cp.0_0                             0x080004b8   Number         4  py32f0xx_hal_cortex_1.o(.text.HAL_NVIC_SetPriority)
    __arm_cp.0_1                             0x080004bc   Number         4  py32f0xx_hal_cortex_1.o(.text.HAL_NVIC_SetPriority)
    [Anonymous Symbol]                       0x080004c0   Section        0  py32f0xx_hal_rcc_1.o(.text.HAL_RCC_ClockConfig)
    __arm_cp.3_0                             0x080006a0   Number         4  py32f0xx_hal_rcc_1.o(.text.HAL_RCC_ClockConfig)
    __arm_cp.3_1                             0x080006a4   Number         4  py32f0xx_hal_rcc_1.o(.text.HAL_RCC_ClockConfig)
    __arm_cp.3_6                             0x080006a8   Number         4  py32f0xx_hal_rcc_1.o(.text.HAL_RCC_ClockConfig)
    __arm_cp.3_7                             0x080006ac   Number         4  py32f0xx_hal_rcc_1.o(.text.HAL_RCC_ClockConfig)
    __arm_cp.3_8                             0x080006b0   Number         4  py32f0xx_hal_rcc_1.o(.text.HAL_RCC_ClockConfig)
    [Anonymous Symbol]                       0x080006b4   Section        0  py32f0xx_hal_rcc_1.o(.text.HAL_RCC_GetSysClockFreq)
    __arm_cp.2_0                             0x08000730   Number         4  py32f0xx_hal_rcc_1.o(.text.HAL_RCC_GetSysClockFreq)
    __arm_cp.2_1                             0x08000734   Number         4  py32f0xx_hal_rcc_1.o(.text.HAL_RCC_GetSysClockFreq)
    __arm_cp.2_2                             0x08000738   Number         4  py32f0xx_hal_rcc_1.o(.text.HAL_RCC_GetSysClockFreq)
    __arm_cp.2_3                             0x0800073c   Number         4  py32f0xx_hal_rcc_1.o(.text.HAL_RCC_GetSysClockFreq)
    [Anonymous Symbol]                       0x08000740   Section        0  py32f0xx_hal_rcc_1.o(.text.HAL_RCC_OscConfig)
    __arm_cp.1_0                             0x08000b7c   Number         4  py32f0xx_hal_rcc_1.o(.text.HAL_RCC_OscConfig)
    __arm_cp.1_2                             0x08000b80   Number         4  py32f0xx_hal_rcc_1.o(.text.HAL_RCC_OscConfig)
    __arm_cp.1_3                             0x08000b84   Number         4  py32f0xx_hal_rcc_1.o(.text.HAL_RCC_OscConfig)
    __arm_cp.1_4                             0x08000b88   Number         4  py32f0xx_hal_rcc_1.o(.text.HAL_RCC_OscConfig)
    __arm_cp.1_5                             0x08000b8c   Number         4  py32f0xx_hal_rcc_1.o(.text.HAL_RCC_OscConfig)
    __arm_cp.1_6                             0x08000b90   Number         4  py32f0xx_hal_rcc_1.o(.text.HAL_RCC_OscConfig)
    __arm_cp.1_7                             0x08000b94   Number         4  py32f0xx_hal_rcc_1.o(.text.HAL_RCC_OscConfig)
    __arm_cp.1_8                             0x08000b98   Number         4  py32f0xx_hal_rcc_1.o(.text.HAL_RCC_OscConfig)
    [Anonymous Symbol]                       0x08000b9c   Section        0  py32f0xx_hal_cortex_1.o(.text.HAL_SYSTICK_Config)
    __arm_cp.4_0                             0x08000bc4   Number         4  py32f0xx_hal_cortex_1.o(.text.HAL_SYSTICK_Config)
    __arm_cp.4_1                             0x08000bc8   Number         4  py32f0xx_hal_cortex_1.o(.text.HAL_SYSTICK_Config)
    __arm_cp.4_2                             0x08000bcc   Number         4  py32f0xx_hal_cortex_1.o(.text.HAL_SYSTICK_Config)
    [Anonymous Symbol]                       0x08000bd0   Section        0  py32f0xx_it.o(.text.HardFault_Handler)
    [Anonymous Symbol]                       0x08000bd2   Section        0  py32f0xx_it.o(.text.NMI_Handler)
    [Anonymous Symbol]                       0x08000bd4   Section        0  py32f0xx_it.o(.text.PendSV_Handler)
    [Anonymous Symbol]                       0x08000bd6   Section        0  py32f0xx_it.o(.text.SVC_Handler)
    [Anonymous Symbol]                       0x08000bd8   Section        0  py32f0xx_it.o(.text.SysTick_Handler)
    [Anonymous Symbol]                       0x08000be0   Section        0  system_py32f0xx.o(.text.SystemInit)
    __arm_cp.1_0                             0x08000c00   Number         4  system_py32f0xx.o(.text.SystemInit)
    __arm_cp.1_1                             0x08000c04   Number         4  system_py32f0xx.o(.text.SystemInit)
    __arm_cp.1_2                             0x08000c08   Number         4  system_py32f0xx.o(.text.SystemInit)
    __arm_cp.1_3                             0x08000c0c   Number         4  system_py32f0xx.o(.text.SystemInit)
    [Anonymous Symbol]                       0x08000c10   Section        0  main.o(.text.main)
    __arm_cp.2_0                             0x08000da4   Number         4  main.o(.text.main)
    __arm_cp.2_1                             0x08000da8   Number         4  main.o(.text.main)
    __arm_cp.2_2                             0x08000dac   Number         4  main.o(.text.main)
    __arm_cp.2_3                             0x08000db0   Number         4  main.o(.text.main)
    __arm_cp.2_4                             0x08000db4   Number         4  main.o(.text.main)
    __arm_cp.2_5                             0x08000db8   Number         4  main.o(.text.main)
    __arm_cp.2_6                             0x08000dbc   Number         4  main.o(.text.main)
    __arm_cp.2_7                             0x08000dc0   Number         4  main.o(.text.main)
    __arm_cp.2_8                             0x08000dc4   Number         4  main.o(.text.main)
    __arm_cp.2_9                             0x08000dc8   Number         4  main.o(.text.main)
    i.__scatterload_copy                     0x08000dcc   Section       14  handlers.o(i.__scatterload_copy)
    i.__scatterload_null                     0x08000dda   Section        2  handlers.o(i.__scatterload_null)
    i.__scatterload_zeroinit                 0x08000ddc   Section       14  handlers.o(i.__scatterload_zeroinit)
    [Anonymous Symbol]                       0x08000dec   Section        0  py32f0xx_hal_rcc_1.o(.rodata..L__const.HAL_RCC_GetSysClockFreq.hsiValue)
    STACK                                    0x200000e0   Section     1024  startup_py32f030xx.o(STACK)

    Global Symbols

    Symbol Name                              Value     Ov Type        Size  Object(Section)

    BuildAttributes$$THM_ISAv3M$S$PE$A:L22$X:L11$S22$IEEE1$IW$~IW$USESV6$~STKCKD$USESV7$~SHL$OTIME$EBA8$MICROLIB$REQ8$PRES8$EABIv2 0x00000000   Number         0  anon$$obj.o ABSOLUTE
    __cpp_initialize__aeabi_                  - Undefined Weak Reference
    __cxa_finalize                            - Undefined Weak Reference
    __decompress                              - Undefined Weak Reference
    _clock_init                               - Undefined Weak Reference
    _microlib_exit                            - Undefined Weak Reference
    __Vectors_Size                           0x000000c0   Number         0  startup_py32f030xx.o ABSOLUTE
    __Vectors                                0x08000000   Data           4  startup_py32f030xx.o(RESET)
    __Vectors_End                            0x080000c0   Data           0  startup_py32f030xx.o(RESET)
    __main                                   0x080000c1   Thumb Code     0  entry.o(.ARM.Collect$$$$00000000)
    _main_stk                                0x080000c1   Thumb Code     0  entry2.o(.ARM.Collect$$$$00000001)
    _main_scatterload                        0x080000c5   Thumb Code     0  entry5.o(.ARM.Collect$$$$00000004)
    __main_after_scatterload                 0x080000c9   Thumb Code     0  entry5.o(.ARM.Collect$$$$00000004)
    _main_clock                              0x080000c9   Thumb Code     0  entry7b.o(.ARM.Collect$$$$00000008)
    _main_cpp_init                           0x080000c9   Thumb Code     0  entry8b.o(.ARM.Collect$$$$0000000A)
    _main_init                               0x080000c9   Thumb Code     0  entry9a.o(.ARM.Collect$$$$0000000B)
    __rt_final_cpp                           0x080000d1   Thumb Code     0  entry10a.o(.ARM.Collect$$$$0000000D)
    __rt_final_exit                          0x080000d1   Thumb Code     0  entry11a.o(.ARM.Collect$$$$0000000F)
    Reset_Handler                            0x080000d5   Thumb Code     8  startup_py32f030xx.o(.text)
    ADC_COMP_IRQHandler                      0x080000e7   Thumb Code     0  startup_py32f030xx.o(.text)
    DMA1_Channel1_IRQHandler                 0x080000e7   Thumb Code     0  startup_py32f030xx.o(.text)
    DMA1_Channel2_3_IRQHandler               0x080000e7   Thumb Code     0  startup_py32f030xx.o(.text)
    EXTI0_1_IRQHandler                       0x080000e7   Thumb Code     0  startup_py32f030xx.o(.text)
    EXTI2_3_IRQHandler                       0x080000e7   Thumb Code     0  startup_py32f030xx.o(.text)
    EXTI4_15_IRQHandler                      0x080000e7   Thumb Code     0  startup_py32f030xx.o(.text)
    FLASH_IRQHandler                         0x080000e7   Thumb Code     0  startup_py32f030xx.o(.text)
    I2C1_IRQHandler                          0x080000e7   Thumb Code     0  startup_py32f030xx.o(.text)
    LED_IRQHandler                           0x080000e7   Thumb Code     0  startup_py32f030xx.o(.text)
    LPTIM1_IRQHandler                        0x080000e7   Thumb Code     0  startup_py32f030xx.o(.text)
    PVD_IRQHandler                           0x080000e7   Thumb Code     0  startup_py32f030xx.o(.text)
    RCC_IRQHandler                           0x080000e7   Thumb Code     0  startup_py32f030xx.o(.text)
    RTC_IRQHandler                           0x080000e7   Thumb Code     0  startup_py32f030xx.o(.text)
    SPI1_IRQHandler                          0x080000e7   Thumb Code     0  startup_py32f030xx.o(.text)
    SPI2_IRQHandler                          0x080000e7   Thumb Code     0  startup_py32f030xx.o(.text)
    TIM14_IRQHandler                         0x080000e7   Thumb Code     0  startup_py32f030xx.o(.text)
    TIM16_IRQHandler                         0x080000e7   Thumb Code     0  startup_py32f030xx.o(.text)
    TIM17_IRQHandler                         0x080000e7   Thumb Code     0  startup_py32f030xx.o(.text)
    TIM1_BRK_UP_TRG_COM_IRQHandler           0x080000e7   Thumb Code     0  startup_py32f030xx.o(.text)
    TIM1_CC_IRQHandler                       0x080000e7   Thumb Code     0  startup_py32f030xx.o(.text)
    TIM3_IRQHandler                          0x080000e7   Thumb Code     0  startup_py32f030xx.o(.text)
    USART1_IRQHandler                        0x080000e7   Thumb Code     0  startup_py32f030xx.o(.text)
    USART2_IRQHandler                        0x080000e7   Thumb Code     0  startup_py32f030xx.o(.text)
    WWDG_IRQHandler                          0x080000e7   Thumb Code     0  startup_py32f030xx.o(.text)
    __aeabi_memset                           0x080000f1   Thumb Code    14  memseta.o(.text)
    __aeabi_memset4                          0x080000f1   Thumb Code     0  memseta.o(.text)
    __aeabi_memset8                          0x080000f1   Thumb Code     0  memseta.o(.text)
    __aeabi_memclr                           0x080000ff   Thumb Code     4  memseta.o(.text)
    __aeabi_memclr4                          0x080000ff   Thumb Code     0  memseta.o(.text)
    __aeabi_memclr8                          0x080000ff   Thumb Code     0  memseta.o(.text)
    _memset$wrapper                          0x08000103   Thumb Code    18  memseta.o(.text)
    __aeabi_uidiv                            0x08000115   Thumb Code     0  uidiv_div0.o(.text)
    __aeabi_uidivmod                         0x08000115   Thumb Code    62  uidiv_div0.o(.text)
    __scatterload                            0x08000155   Thumb Code    38  init.o(.text)
    __scatterload_rt2                        0x08000155   Thumb Code     0  init.o(.text)
    main                                     0x08000185   Thumb Code    36  system_py32f0xx.o(.text.$Sub$$main)
    Display_Digit                            0x080001b1   Thumb Code   172  main.o(.text.Display_Digit)
    HAL_Delay                                0x08000265   Thumb Code    32  py32f0xx_hal_1.o(.text.HAL_Delay)
    HAL_GPIO_Init                            0x08000285   Thumb Code   360  py32f0xx_hal_gpio_1.o(.text.HAL_GPIO_Init)
    HAL_GPIO_WritePin                        0x080003fd   Thumb Code    16  py32f0xx_hal_gpio_1.o(.text.HAL_GPIO_WritePin)
    HAL_GetTick                              0x0800040d   Thumb Code     8  py32f0xx_hal_1.o(.text.HAL_GetTick)
    HAL_IncTick                              0x08000415   Thumb Code    16  py32f0xx_hal_1.o(.text.HAL_IncTick)
    HAL_Init                                 0x08000429   Thumb Code    24  py32f0xx_hal_1.o(.text.HAL_Init)
    HAL_InitTick                             0x08000441   Thumb Code    64  py32f0xx_hal_1.o(.text.HAL_InitTick)
    HAL_MspInit                              0x08000485   Thumb Code     2  py32f0xx_hal_msp.o(.text.HAL_MspInit)
    HAL_NVIC_SetPriority                     0x08000489   Thumb Code    48  py32f0xx_hal_cortex_1.o(.text.HAL_NVIC_SetPriority)
    HAL_RCC_ClockConfig                      0x080004c1   Thumb Code   480  py32f0xx_hal_rcc_1.o(.text.HAL_RCC_ClockConfig)
    HAL_RCC_GetSysClockFreq                  0x080006b5   Thumb Code   124  py32f0xx_hal_rcc_1.o(.text.HAL_RCC_GetSysClockFreq)
    HAL_RCC_OscConfig                        0x08000741   Thumb Code  1084  py32f0xx_hal_rcc_1.o(.text.HAL_RCC_OscConfig)
    HAL_SYSTICK_Config                       0x08000b9d   Thumb Code    40  py32f0xx_hal_cortex_1.o(.text.HAL_SYSTICK_Config)
    HardFault_Handler                        0x08000bd1   Thumb Code     2  py32f0xx_it.o(.text.HardFault_Handler)
    NMI_Handler                              0x08000bd3   Thumb Code     2  py32f0xx_it.o(.text.NMI_Handler)
    PendSV_Handler                           0x08000bd5   Thumb Code     2  py32f0xx_it.o(.text.PendSV_Handler)
    SVC_Handler                              0x08000bd7   Thumb Code     2  py32f0xx_it.o(.text.SVC_Handler)
    SysTick_Handler                          0x08000bd9   Thumb Code     8  py32f0xx_it.o(.text.SysTick_Handler)
    SystemInit                               0x08000be1   Thumb Code    32  system_py32f0xx.o(.text.SystemInit)
    $Super$$main                             0x08000c11   Thumb Code   404  main.o(.text.main)
    __scatterload_copy                       0x08000dcd   Thumb Code    14  handlers.o(i.__scatterload_copy)
    __scatterload_null                       0x08000ddb   Thumb Code     2  handlers.o(i.__scatterload_null)
    __scatterload_zeroinit                   0x08000ddd   Thumb Code    14  handlers.o(i.__scatterload_zeroinit)
    AHBPrescTable                            0x08000e00   Data          64  system_py32f0xx.o(.rodata.AHBPrescTable)
    HSIFreqTable                             0x08000e40   Data          32  system_py32f0xx.o(.rodata.HSIFreqTable)
    Region$$Table$$Base                      0x08000e60   Number         0  anon$$obj.o(Region$$Table)
    Region$$Table$$Limit                     0x08000e80   Number         0  anon$$obj.o(Region$$Table)
    VECT_SRAM_TAB                            0x20000000   Data         192  system_py32f0xx.o(.ARM.__at_0x20000000)
    SystemCoreClock                          0x200000c0   Data           4  system_py32f0xx.o(.data.SystemCoreClock)
    code_seg                                 0x200000c4   Data          10  main.o(.data.code_seg)
    uwTickFreq                               0x200000d0   Data           4  py32f0xx_hal_1.o(.data.uwTickFreq)
    uwTickPrio                               0x200000d4   Data           4  py32f0xx_hal_1.o(.data.uwTickPrio)
    counter                                  0x200000d8   Data           4  main.o(.bss.counter)
    uwTick                                   0x200000dc   Data           4  py32f0xx_hal_1.o(.bss.uwTick)
    __initial_sp                             0x200004e0   Data           0  startup_py32f030xx.o(STACK)



==============================================================================

Memory Map of the image

  Image Entry point : 0x080000c1

  Load Region LR_IROM1 (Base: 0x08000000, Size: 0x00000f58, Max: 0x00004000, ABSOLUTE)

    Execution Region ER_IROM1 (Exec base: 0x08000000, Load base: 0x08000000, Size: 0x00000e80, Max: 0x00004000, ABSOLUTE)

    Exec Addr    Load Addr    Size         Type   Attr      Idx    E Section Name        Object

    0x08000000   0x08000000   0x000000c0   Data   RO            3    RESET               startup_py32f030xx.o
    0x080000c0   0x080000c0   0x00000000   Code   RO          507  * .ARM.Collect$$$$00000000  mc_p.l(entry.o)
    0x080000c0   0x080000c0   0x00000004   Code   RO          518    .ARM.Collect$$$$00000001  mc_p.l(entry2.o)
    0x080000c4   0x080000c4   0x00000004   Code   RO          521    .ARM.Collect$$$$00000004  mc_p.l(entry5.o)
    0x080000c8   0x080000c8   0x00000000   Code   RO          523    .ARM.Collect$$$$00000008  mc_p.l(entry7b.o)
    0x080000c8   0x080000c8   0x00000000   Code   RO          525    .ARM.Collect$$$$0000000A  mc_p.l(entry8b.o)
    0x080000c8   0x080000c8   0x00000008   Code   RO          526    .ARM.Collect$$$$0000000B  mc_p.l(entry9a.o)
    0x080000d0   0x080000d0   0x00000000   Code   RO          528    .ARM.Collect$$$$0000000D  mc_p.l(entry10a.o)
    0x080000d0   0x080000d0   0x00000000   Code   RO          530    .ARM.Collect$$$$0000000F  mc_p.l(entry11a.o)
    0x080000d0   0x080000d0   0x00000004   Code   RO          519    .ARM.Collect$$$$00002712  mc_p.l(entry2.o)
    0x080000d4   0x080000d4   0x0000001c   Code   RO            4    .text               startup_py32f030xx.o
    0x080000f0   0x080000f0   0x00000024   Code   RO          516    .text               mc_p.l(memseta.o)
    0x08000114   0x08000114   0x0000003e   Code   RO          536    .text               mc_p.l(uidiv_div0.o)
    0x08000152   0x08000152   0x00000002   PAD
    0x08000154   0x08000154   0x00000030   Code   RO          542    .text               mc_p.l(init.o)
    0x08000184   0x08000184   0x0000002c   Code   RO           15    .text.$Sub$$main    system_py32f0xx.o
    0x080001b0   0x080001b0   0x000000b4   Code   RO           32    .text.Display_Digit  main.o
    0x08000264   0x08000264   0x00000020   Code   RO          132    .text.HAL_Delay     py32f0xx_hal_1.o
    0x08000284   0x08000284   0x00000178   Code   RO          281    .text.HAL_GPIO_Init  py32f0xx_hal_gpio_1.o
    0x080003fc   0x080003fc   0x00000010   Code   RO          287    .text.HAL_GPIO_WritePin  py32f0xx_hal_gpio_1.o
    0x0800040c   0x0800040c   0x00000008   Code   RO          124    .text.HAL_GetTick   py32f0xx_hal_1.o
    0x08000414   0x08000414   0x00000014   Code   RO          122    .text.HAL_IncTick   py32f0xx_hal_1.o
    0x08000428   0x08000428   0x00000018   Code   RO          112    .text.HAL_Init      py32f0xx_hal_1.o
    0x08000440   0x08000440   0x00000044   Code   RO          114    .text.HAL_InitTick  py32f0xx_hal_1.o
    0x08000484   0x08000484   0x00000002   Code   RO           49    .text.HAL_MspInit   py32f0xx_hal_msp.o
    0x08000486   0x08000486   0x00000002   PAD
    0x08000488   0x08000488   0x00000038   Code   RO          167    .text.HAL_NVIC_SetPriority  py32f0xx_hal_cortex_1.o
    0x080004c0   0x080004c0   0x000001f4   Code   RO          351    .text.HAL_RCC_ClockConfig  py32f0xx_hal_rcc_1.o
    0x080006b4   0x080006b4   0x0000008c   Code   RO          349    .text.HAL_RCC_GetSysClockFreq  py32f0xx_hal_rcc_1.o
    0x08000740   0x08000740   0x0000045c   Code   RO          347    .text.HAL_RCC_OscConfig  py32f0xx_hal_rcc_1.o
    0x08000b9c   0x08000b9c   0x00000034   Code   RO          175    .text.HAL_SYSTICK_Config  py32f0xx_hal_cortex_1.o
    0x08000bd0   0x08000bd0   0x00000002   Code   RO           59    .text.HardFault_Handler  py32f0xx_it.o
    0x08000bd2   0x08000bd2   0x00000002   Code   RO           57    .text.NMI_Handler   py32f0xx_it.o
    0x08000bd4   0x08000bd4   0x00000002   Code   RO           63    .text.PendSV_Handler  py32f0xx_it.o
    0x08000bd6   0x08000bd6   0x00000002   Code   RO           61    .text.SVC_Handler   py32f0xx_it.o
    0x08000bd8   0x08000bd8   0x00000008   Code   RO           65    .text.SysTick_Handler  py32f0xx_it.o
    0x08000be0   0x08000be0   0x00000030   Code   RO           13    .text.SystemInit    system_py32f0xx.o
    0x08000c10   0x08000c10   0x000001bc   Code   RO           34    .text.main          main.o
    0x08000dcc   0x08000dcc   0x0000000e   Code   RO          546    i.__scatterload_copy  mc_p.l(handlers.o)
    0x08000dda   0x08000dda   0x00000002   Code   RO          547    i.__scatterload_null  mc_p.l(handlers.o)
    0x08000ddc   0x08000ddc   0x0000000e   Code   RO          548    i.__scatterload_zeroinit  mc_p.l(handlers.o)
    0x08000dea   0x08000dea   0x00000002   PAD
    0x08000dec   0x08000dec   0x00000014   Data   RO          375    .rodata..L__const.HAL_RCC_GetSysClockFreq.hsiValue  py32f0xx_hal_rcc_1.o
    0x08000e00   0x08000e00   0x00000040   Data   RO           18    .rodata.AHBPrescTable  system_py32f0xx.o
    0x08000e40   0x08000e40   0x00000020   Data   RO           20    .rodata.HSIFreqTable  system_py32f0xx.o
    0x08000e60   0x08000e60   0x00000020   Data   RO          545    Region$$Table       anon$$obj.o


    Execution Region RW_IRAM1 (Exec base: 0x20000000, Load base: 0x08000e80, Size: 0x000004e0, Max: 0x00000800, ABSOLUTE)

    Exec Addr    Load Addr    Size         Type   Attr      Idx    E Section Name        Object

    0x20000000   0x08000e80   0x000000c0   Data   RW           21    .ARM.__at_0x20000000  system_py32f0xx.o
    0x200000c0   0x08000f40   0x00000004   Data   RW           17    .data.SystemCoreClock  system_py32f0xx.o
    0x200000c4   0x08000f44   0x0000000a   Data   RW           38    .data.code_seg      main.o
    0x200000ce   0x08000f4e   0x00000002   PAD
    0x200000d0   0x08000f50   0x00000004   Data   RW          157    .data.uwTickFreq    py32f0xx_hal_1.o
    0x200000d4   0x08000f54   0x00000004   Data   RW          156    .data.uwTickPrio    py32f0xx_hal_1.o
    0x200000d8        -       0x00000004   Zero   RW           39    .bss.counter        main.o
    0x200000dc        -       0x00000004   Zero   RW          158    .bss.uwTick         py32f0xx_hal_1.o
    0x200000e0        -       0x00000400   Zero   RW            1    STACK               startup_py32f030xx.o


==============================================================================

Image component sizes


      Code (inc. data)   RO Data    RW Data    ZI Data      Debug   Object Name

       624         48          0         10          4       5043   main.o
       152          8          0          8          4       5364   py32f0xx_hal_1.o
       108         20          0          0          0       5276   py32f0xx_hal_cortex_1.o
       392         16          0          0          0       4467   py32f0xx_hal_gpio_1.o
         2          0          0          0          0        379   py32f0xx_hal_msp.o
      1756         92         20          0          0       9319   py32f0xx_hal_rcc_1.o
        16          0          0          0          0        697   py32f0xx_it.o
        28          8        192          0       1024        620   startup_py32f030xx.o
        92         24         96        196          0       2424   system_py32f0xx.o

    ----------------------------------------------------------------------
      3172        216        340        216       1032      33589   Object Totals
         0          0         32          0          0          0   (incl. Generated)
         2          0          0          2          0          0   (incl. Padding)

    ----------------------------------------------------------------------

      Code (inc. data)   RO Data    RW Data    ZI Data      Debug   Library Member Name

         0          0          0          0          0          0   entry.o
         0          0          0          0          0          0   entry10a.o
         0          0          0          0          0          0   entry11a.o
         8          4          0          0          0          0   entry2.o
         4          0          0          0          0          0   entry5.o
         0          0          0          0          0          0   entry7b.o
         0          0          0          0          0          0   entry8b.o
         8          4          0          0          0          0   entry9a.o
        30          0          0          0          0          0   handlers.o
        48         10          0          0          0         68   init.o
        36          0          0          0          0        100   memseta.o
        62          0          0          0          0         72   uidiv_div0.o

    ----------------------------------------------------------------------
       200         18          0          0          0        240   Library Totals
         4          0          0          0          0          0   (incl. Padding)

    ----------------------------------------------------------------------

      Code (inc. data)   RO Data    RW Data    ZI Data      Debug   Library Name

       196         18          0          0          0        240   mc_p.l

    ----------------------------------------------------------------------
       200         18          0          0          0        240   Library Totals

    ----------------------------------------------------------------------

==============================================================================


      Code (inc. data)   RO Data    RW Data    ZI Data      Debug   

      3372        234        340        216       1032      33841   Grand Totals
      3372        234        340        216       1032      33841   ELF Image Totals
      3372        234        340        216          0          0   ROM Totals

==============================================================================

    Total RO  Size (Code + RO Data)                 3712 (   3.62kB)
    Total RW  Size (RW Data + ZI Data)              1248 (   1.22kB)
    Total ROM Size (Code + RO Data + RW Data)       3928 (   3.84kB)

==============================================================================

